2026-05-24 16:00:51 [INFO] Loaded feature matrix: 435 draws, 21 selected features
2026-05-24 16:00:51 [INFO] Loaded 235 XGBoost predictions from database
2026-05-24 16:00:51 [INFO] Starting LightGBM | pipeline_run_id=3d8da98f-ef5e-4a06-a50c-7bc112c58fe5
2026-05-24 16:00:51 [INFO] Deleted 0 row(s) from backtest_lgbm for model_name=lightgbm
2026-05-24 16:00:51 [INFO] LightGBM window 1/5 | train=200 | validate=50
2026-05-24 16:00:56 [INFO] LightGBM window 2/5 | train=200 | validate=50
2026-05-24 16:00:59 [INFO] LightGBM window 3/5 | train=200 | validate=50
2026-05-24 16:01:02 [INFO] LightGBM window 4/5 | train=200 | validate=50
2026-05-24 16:01:04 [INFO] LightGBM window 5/5 | train=200 | validate=35
2026-05-24 16:01:09 [INFO] LightGBM complete | predictions=235 | total_3+=4.26%
2026-05-24 16:01:09 [INFO] Starting RandomForest | pipeline_run_id=361fcc6b-46d7-4e0f-b95f-e209edc51b3f
2026-05-24 16:01:09 [INFO] Deleted 0 row(s) from backtest_random_forest for model_name=random_forest
2026-05-24 16:01:09 [INFO] RandomForest window 1/5 | train=200 | validate=50
2026-05-24 16:02:54 [INFO] RandomForest window 2/5 | train=200 | validate=50
2026-05-24 16:04:20 [INFO] RandomForest window 3/5 | train=200 | validate=50
2026-05-24 16:05:13 [INFO] RandomForest window 4/5 | train=200 | validate=50
2026-05-24 16:06:51 [INFO] RandomForest window 5/5 | train=200 | validate=35
2026-05-24 16:07:46 [INFO] RandomForest complete | predictions=235 | total_3+=2.98%
2026-05-24 16:07:46 [INFO] Starting GradientBoosting | pipeline_run_id=2bcfd2dc-d3a3-4508-8fe4-1cabb65cd105
2026-05-24 16:07:46 [INFO] Deleted 0 row(s) from backtest_gradient_boosting for model_name=gradient_boosting
2026-05-24 16:07:46 [INFO] GradientBoosting window 1/5 | train=200 | validate=50
2026-05-24 16:07:51 [INFO] GradientBoosting window 2/5 | train=200 | validate=50
2026-05-24 16:07:56 [INFO] GradientBoosting window 3/5 | train=200 | validate=50
2026-05-24 16:08:00 [INFO] GradientBoosting window 4/5 | train=200 | validate=50
2026-05-24 16:08:05 [INFO] GradientBoosting window 5/5 | train=200 | validate=35
2026-05-24 16:08:09 [INFO] GradientBoosting complete | predictions=235 | total_3+=1.70%
2026-05-24 16:08:09 [INFO] Starting ExtraTrees | pipeline_run_id=c7073a60-44c4-4d1c-a6fd-135f4b7ba698
2026-05-24 16:08:10 [INFO] Deleted 0 row(s) from backtest_extra_trees for model_name=extra_trees
2026-05-24 16:08:10 [INFO] ExtraTrees window 1/5 | train=200 | validate=50
2026-05-24 16:09:23 [INFO] ExtraTrees window 2/5 | train=200 | validate=50
2026-05-24 16:11:41 [INFO] Loaded feature matrix: 435 draws, 21 selected features
2026-05-24 16:11:41 [INFO] Loaded 235 XGBoost predictions from database
2026-05-24 16:11:41 [INFO] Starting LightGBM | pipeline_run_id=1e6154e9-b5f6-4193-972f-d0a4365ea276
2026-05-24 16:11:41 [INFO] Deleted 0 row(s) from backtest_lgbm for model_name=lightgbm
2026-05-24 16:11:41 [INFO] LightGBM window 1/5 | train=200 | validate=50
2026-05-24 16:11:45 [INFO] LightGBM window 2/5 | train=200 | validate=50
2026-05-24 16:11:49 [INFO] LightGBM window 3/5 | train=200 | validate=50
2026-05-24 16:11:52 [INFO] LightGBM window 4/5 | train=200 | validate=50
2026-05-24 16:11:56 [INFO] LightGBM window 5/5 | train=200 | validate=35
2026-05-24 16:11:58 [INFO] LightGBM complete | predictions=235 | total_3+=4.26%
2026-05-24 16:11:58 [INFO] Starting RandomForest | pipeline_run_id=aa8f5ac8-cb92-4e9a-8fcb-458520facfec
2026-05-24 16:11:58 [INFO] Deleted 0 row(s) from backtest_random_forest for model_name=random_forest
2026-05-24 16:11:58 [INFO] RandomForest window 1/5 | train=200 | validate=50
2026-05-24 16:13:29 [INFO] RandomForest window 2/5 | train=200 | validate=50
2026-05-24 16:14:23 [INFO] Loaded feature matrix: 435 draws, 21 selected features
2026-05-24 16:14:23 [INFO] Loaded 235 XGBoost predictions from database
2026-05-24 16:14:23 [ERROR] Algorithm comparison failed
Traceback (most recent call last):
  File "d:\eurojackpot-ai\scripts\algorithm_comparison.py", line 805, in main
    summary = run_algorithm(conn, df, spec)
  File "d:\eurojackpot-ai\scripts\algorithm_comparison.py", line 551, in run_algorithm
    row_count = count_algorithm_rows(conn, spec)
  File "d:\eurojackpot-ai\scripts\algorithm_comparison.py", line 451, in count_algorithm_rows
    raise RuntimeError(f"No rows found for {spec.display_name} in backtest.{spec.table}")
RuntimeError: No rows found for LightGBM in backtest.backtest_lgbm
2026-05-24 16:14:42 [INFO] Loaded feature matrix: 435 draws, 21 selected features
2026-05-24 16:14:42 [INFO] Loaded 235 XGBoost predictions from database
2026-05-24 16:14:42 [INFO] XGBoost done — hit_total_3_plus: 4.68% (vs random 3.20%, improvement: +46.49%)
2026-05-24 16:14:42 [INFO] Starting LightGBM | pipeline_run_id=19f5e199-b090-4d7c-9b23-d6fa7cf39e40
2026-05-24 16:14:42 [INFO] Deleted 0 row(s) from backtest_lgbm for model_name=lightgbm
2026-05-24 16:14:42 [INFO] LightGBM window 1/5 | train=200 | validate=50
2026-05-24 16:14:53 [INFO] LightGBM window 1/5 committed (50 validation predictions)
2026-05-24 16:14:53 [INFO] LightGBM window 2/5 | train=200 | validate=50
2026-05-24 16:14:57 [INFO] LightGBM window 2/5 committed (50 validation predictions)
2026-05-24 16:14:57 [INFO] LightGBM window 3/5 | train=200 | validate=50
2026-05-24 16:15:01 [INFO] LightGBM window 3/5 committed (50 validation predictions)
2026-05-24 16:15:01 [INFO] LightGBM window 4/5 | train=200 | validate=50
2026-05-24 16:15:10 [INFO] LightGBM window 4/5 committed (50 validation predictions)
2026-05-24 16:15:10 [INFO] LightGBM window 5/5 | train=200 | validate=35
2026-05-24 16:15:19 [INFO] LightGBM window 5/5 committed (35 validation predictions)
2026-05-24 16:15:19 [INFO] LightGBM done — hit_total_3_plus: 2.13% (vs random 3.20%, improvement: -33.41%)
2026-05-24 16:15:19 [INFO] Starting RandomForest | pipeline_run_id=700d2c93-ef07-4e1e-b6cd-f0dcc952214b
2026-05-24 16:15:19 [INFO] Deleted 0 row(s) from backtest_random_forest for model_name=random_forest
2026-05-24 16:15:19 [INFO] RandomForest window 1/5 | train=200 | validate=50
2026-05-24 16:15:38 [INFO] RandomForest window 3/5 | train=200 | validate=50
2026-05-24 16:17:48 [INFO] RandomForest window 4/5 | train=200 | validate=50
2026-05-24 16:17:53 [INFO] RandomForest window 1/5 committed (50 validation predictions)
2026-05-24 16:17:53 [INFO] RandomForest window 2/5 | train=200 | validate=50
2026-05-24 16:19:39 [INFO] RandomForest window 5/5 | train=200 | validate=35
2026-05-24 16:19:57 [INFO] RandomForest window 2/5 committed (50 validation predictions)
2026-05-24 16:19:57 [INFO] RandomForest window 3/5 | train=200 | validate=50
2026-05-24 16:20:53 [INFO] RandomForest complete | predictions=235 | total_3+=2.98%
2026-05-24 16:20:53 [INFO] Starting GradientBoosting | pipeline_run_id=ad848681-a980-4e67-be12-00b08cc6db7c
2026-05-24 16:20:53 [INFO] Deleted 0 row(s) from backtest_gradient_boosting for model_name=gradient_boosting
2026-05-24 16:20:53 [INFO] GradientBoosting window 1/5 | train=200 | validate=50
2026-05-24 16:21:10 [INFO] GradientBoosting window 2/5 | train=200 | validate=50
2026-05-24 16:21:26 [INFO] GradientBoosting window 3/5 | train=200 | validate=50
2026-05-24 16:21:43 [INFO] GradientBoosting window 4/5 | train=200 | validate=50
2026-05-24 16:21:44 [INFO] RandomForest window 3/5 committed (50 validation predictions)
2026-05-24 16:21:44 [INFO] RandomForest window 4/5 | train=200 | validate=50
2026-05-24 16:21:58 [INFO] GradientBoosting window 5/5 | train=200 | validate=35
2026-05-24 16:22:13 [INFO] GradientBoosting complete | predictions=235 | total_3+=1.70%
2026-05-24 16:22:13 [INFO] Starting ExtraTrees | pipeline_run_id=cef483b3-8db4-4cf8-88f8-56c3d7a5c01a
2026-05-24 16:22:13 [INFO] Deleted 0 row(s) from backtest_extra_trees for model_name=extra_trees
2026-05-24 16:22:13 [INFO] ExtraTrees window 1/5 | train=200 | validate=50
2026-05-24 16:23:15 [INFO] RandomForest window 4/5 committed (50 validation predictions)
2026-05-24 16:23:15 [INFO] RandomForest window 5/5 | train=200 | validate=35
2026-05-24 16:23:40 [INFO] ExtraTrees window 2/5 | train=200 | validate=50
2026-05-24 16:24:35 [INFO] RandomForest window 5/5 committed (35 validation predictions)
2026-05-24 16:24:35 [INFO] RandomForest done — hit_total_3_plus: 2.98% (vs random 3.20%, improvement: -6.78%)
2026-05-24 16:24:35 [INFO] Starting GradientBoosting | pipeline_run_id=7cb91e97-acca-4f86-9d34-68d17f3865e5
2026-05-24 16:24:35 [INFO] Deleted 0 row(s) from backtest_gradient_boosting for model_name=gradient_boosting
2026-05-24 16:24:35 [INFO] GradientBoosting window 1/5 | train=200 | validate=50
2026-05-24 16:24:51 [INFO] GradientBoosting window 1/5 committed (50 validation predictions)
2026-05-24 16:24:51 [INFO] GradientBoosting window 2/5 | train=200 | validate=50
2026-05-24 16:25:07 [INFO] GradientBoosting window 2/5 committed (50 validation predictions)
2026-05-24 16:25:07 [INFO] GradientBoosting window 3/5 | train=200 | validate=50
2026-05-24 16:25:23 [INFO] GradientBoosting window 3/5 committed (50 validation predictions)
2026-05-24 16:25:23 [INFO] GradientBoosting window 4/5 | train=200 | validate=50
2026-05-24 16:25:34 [INFO] ExtraTrees window 3/5 | train=200 | validate=50
2026-05-24 16:25:38 [INFO] GradientBoosting window 4/5 committed (50 validation predictions)
2026-05-24 16:25:38 [INFO] GradientBoosting window 5/5 | train=200 | validate=35
2026-05-24 16:25:49 [INFO] GradientBoosting window 5/5 committed (35 validation predictions)
2026-05-24 16:25:49 [INFO] GradientBoosting done — hit_total_3_plus: 1.70% (vs random 3.20%, improvement: -46.73%)
2026-05-24 16:25:49 [INFO] Starting ExtraTrees | pipeline_run_id=c36112ac-326d-45ef-abdd-7e4a4cdcd43e
2026-05-24 16:25:49 [INFO] Deleted 0 row(s) from backtest_extra_trees for model_name=extra_trees
2026-05-24 16:25:49 [INFO] ExtraTrees window 1/5 | train=200 | validate=50
2026-05-24 16:27:03 [INFO] ExtraTrees window 4/5 | train=200 | validate=50
2026-05-24 16:27:16 [INFO] ExtraTrees window 1/5 committed (50 validation predictions)
2026-05-24 16:27:16 [INFO] ExtraTrees window 2/5 | train=200 | validate=50
2026-05-24 16:28:54 [INFO] ExtraTrees window 5/5 | train=200 | validate=35
2026-05-24 16:29:09 [INFO] ExtraTrees window 2/5 committed (50 validation predictions)
2026-05-24 16:29:09 [INFO] ExtraTrees window 3/5 | train=200 | validate=50
2026-05-24 16:30:16 [INFO] ExtraTrees complete | predictions=235 | total_3+=2.55%
2026-05-24 16:30:16 [INFO] Starting LogisticRegression | pipeline_run_id=eeecc63d-ffbb-40a6-a5fb-bfb7eb781add
2026-05-24 16:30:16 [INFO] Deleted 0 row(s) from backtest_logistic_regression for model_name=logistic_regression
2026-05-24 16:30:16 [INFO] LogisticRegression window 1/5 | train=200 | validate=50
2026-05-24 16:30:26 [INFO] LogisticRegression window 2/5 | train=200 | validate=50
2026-05-24 16:30:34 [INFO] LogisticRegression window 3/5 | train=200 | validate=50
2026-05-24 16:30:36 [INFO] Loaded feature matrix: 435 draws, 21 selected features
2026-05-24 16:30:36 [INFO] Loaded 235 XGBoost predictions from database
2026-05-24 16:30:36 [INFO] XGBoost done — hit_total_3_plus: 4.68% (vs random 3.20%, improvement: +46.49%)
2026-05-24 16:30:36 [INFO] Skipping LightGBM — already complete (235 rows)
2026-05-24 16:30:36 [INFO] LightGBM done — hit_total_3_plus: 2.13% (vs random 3.20%, improvement: -33.41%)
2026-05-24 16:30:36 [INFO] Skipping RandomForest — already complete (235 rows)
2026-05-24 16:30:36 [INFO] RandomForest done — hit_total_3_plus: 2.98% (vs random 3.20%, improvement: -6.78%)
2026-05-24 16:30:36 [INFO] Skipping GradientBoosting — already complete (235 rows)
2026-05-24 16:30:36 [INFO] GradientBoosting done — hit_total_3_plus: 1.70% (vs random 3.20%, improvement: -46.73%)
2026-05-24 16:30:36 [INFO] Starting ExtraTrees | pipeline_run_id=e7f09fea-aef9-4626-9a75-6cb2098446e4
2026-05-24 16:30:36 [INFO] Deleted 100 row(s) from backtest_extra_trees for model_name=extra_trees
2026-05-24 16:30:36 [INFO] ExtraTrees window 1/5 | train=200 | validate=50
2026-05-24 16:30:39 [INFO] LogisticRegression window 4/5 | train=200 | validate=50
2026-05-24 16:30:45 [INFO] LogisticRegression window 5/5 | train=200 | validate=35
2026-05-24 16:30:51 [INFO] LogisticRegression complete | predictions=235 | total_3+=2.98%
2026-05-24 16:30:51 [INFO] === Algorithm Comparison (ranked by hit_total_3+ vs random) ===
2026-05-24 16:30:51 [INFO] Random               main_2+=7.10% main_3+=0.34% total_3+=3.20% (baseline)
2026-05-24 16:30:51 [INFO] XGBoost              main_2+=7.23% main_3+=0.43% total_3+=4.68% vs_random=+46.49%
2026-05-24 16:30:51 [INFO] LightGBM             main_2+=7.23% main_3+=0.00% total_3+=4.26% vs_random=+33.17%
2026-05-24 16:30:51 [INFO] RandomForest         main_2+=8.09% main_3+=0.00% total_3+=2.98% vs_random=-6.78%
2026-05-24 16:30:51 [INFO] LogisticRegression   main_2+=11.06% main_3+=0.00% total_3+=2.98% vs_random=-6.78%
2026-05-24 16:30:51 [INFO] ExtraTrees           main_2+=5.96% main_3+=0.00% total_3+=2.55% vs_random=-20.10%
2026-05-24 16:30:51 [INFO] GradientBoosting     main_2+=7.23% main_3+=0.00% total_3+=1.70% vs_random=-46.73%
2026-05-24 16:30:51 [INFO] Saved comparison to D:\eurojackpot-ai\docs\ALGORITHM_COMPARISON.md
2026-05-24 16:30:51 [INFO] Algorithm comparison completed successfully. Winner: XGBoost
2026-05-24 16:31:05 [INFO] ExtraTrees window 3/5 committed (50 validation predictions)
2026-05-24 16:31:05 [INFO] ExtraTrees window 4/5 | train=200 | validate=50
2026-05-24 16:31:57 [INFO] ExtraTrees window 1/5 committed (50 validation predictions)
2026-05-24 16:31:57 [INFO] ExtraTrees window 2/5 | train=200 | validate=50
2026-05-24 16:32:37 [INFO] ExtraTrees window 4/5 committed (50 validation predictions)
2026-05-24 16:32:37 [INFO] ExtraTrees window 5/5 | train=200 | validate=35
2026-05-24 16:33:20 [INFO] ExtraTrees window 2/5 committed (50 validation predictions)
2026-05-24 16:33:20 [INFO] ExtraTrees window 3/5 | train=200 | validate=50
2026-05-24 16:33:29 [INFO] ExtraTrees window 5/5 committed (35 validation predictions)
2026-05-24 16:33:29 [INFO] ExtraTrees done — hit_total_3_plus: 2.55% (vs random 3.20%, improvement: -20.10%)
2026-05-24 16:33:29 [INFO] Skipping LogisticRegression — already complete (235 rows)
2026-05-24 16:33:29 [INFO] LogisticRegression done — hit_total_3_plus: 2.98% (vs random 3.20%, improvement: -6.78%)
2026-05-24 16:33:29 [INFO] === Algorithm Comparison (ranked by hit_total_3+ vs random) ===
2026-05-24 16:33:29 [INFO] Random               main_2+=7.10% main_3+=0.34% total_3+=3.20% (baseline)
2026-05-24 16:33:29 [INFO] XGBoost              main_2+=7.23% main_3+=0.43% total_3+=4.68% vs_random=+46.49%
2026-05-24 16:33:29 [INFO] RandomForest         main_2+=8.09% main_3+=0.00% total_3+=2.98% vs_random=-6.78%
2026-05-24 16:33:29 [INFO] LogisticRegression   main_2+=11.06% main_3+=0.00% total_3+=2.98% vs_random=-6.78%
2026-05-24 16:33:29 [INFO] ExtraTrees           main_2+=5.96% main_3+=0.00% total_3+=2.55% vs_random=-20.10%
2026-05-24 16:33:29 [INFO] LightGBM             main_2+=4.26% main_3+=0.43% total_3+=2.13% vs_random=-33.41%
2026-05-24 16:33:29 [INFO] GradientBoosting     main_2+=7.23% main_3+=0.00% total_3+=1.70% vs_random=-46.73%
2026-05-24 16:33:29 [INFO] Saved comparison to D:\eurojackpot-ai\docs\ALGORITHM_COMPARISON.md
2026-05-24 16:33:29 [INFO] Algorithm comparison completed successfully. Winner: XGBoost
2026-05-24 16:34:43 [INFO] ExtraTrees window 3/5 committed (50 validation predictions)
2026-05-24 16:34:43 [INFO] ExtraTrees window 4/5 | train=200 | validate=50
2026-05-24 16:35:48 [INFO] ExtraTrees window 4/5 committed (50 validation predictions)
2026-05-24 16:35:48 [INFO] ExtraTrees window 5/5 | train=200 | validate=35
2026-05-24 16:36:59 [INFO] ExtraTrees window 5/5 committed (35 validation predictions)
2026-05-24 16:36:59 [INFO] ExtraTrees done — hit_total_3_plus: 2.55% (vs random 3.20%, improvement: -20.10%)
2026-05-24 16:36:59 [INFO] Skipping LogisticRegression — already complete (235 rows)
2026-05-24 16:36:59 [INFO] LogisticRegression done — hit_total_3_plus: 2.98% (vs random 3.20%, improvement: -6.78%)
2026-05-24 16:36:59 [INFO] === Algorithm Comparison (ranked by hit_total_3+ vs random) ===
2026-05-24 16:36:59 [INFO] Random               main_2+=7.10% main_3+=0.34% total_3+=3.20% (baseline)
2026-05-24 16:36:59 [INFO] XGBoost              main_2+=7.23% main_3+=0.43% total_3+=4.68% vs_random=+46.49%
2026-05-24 16:36:59 [INFO] RandomForest         main_2+=8.09% main_3+=0.00% total_3+=2.98% vs_random=-6.78%
2026-05-24 16:36:59 [INFO] LogisticRegression   main_2+=11.06% main_3+=0.00% total_3+=2.98% vs_random=-6.78%
2026-05-24 16:36:59 [INFO] ExtraTrees           main_2+=5.96% main_3+=0.00% total_3+=2.55% vs_random=-20.10%
2026-05-24 16:36:59 [INFO] LightGBM             main_2+=4.26% main_3+=0.43% total_3+=2.13% vs_random=-33.41%
2026-05-24 16:36:59 [INFO] GradientBoosting     main_2+=7.23% main_3+=0.00% total_3+=1.70% vs_random=-46.73%
2026-05-24 16:36:59 [INFO] Saved comparison to D:\eurojackpot-ai\docs\ALGORITHM_COMPARISON.md
2026-05-24 16:36:59 [INFO] Algorithm comparison completed successfully. Winner: XGBoost
