2026-05-24 10:10:07,538 - INFO - Database verified: core.draws and core.draw_details ready.
2026-05-24 10:10:07,716 - INFO - Connection OK — core.draws: 0 rows, core.draw_details: 0 rows
2026-05-24 10:10:07,719 - INFO - Starting advanced EuroJackpot scraper...
2026-05-24 10:10:07,720 - INFO - Step 1: Starting Psiphon3 VPN...
2026-05-24 10:10:07,721 - INFO - Starting Psiphon3 VPN...
2026-05-24 10:10:07,721 - INFO - Launching psiphon3.exe...
2026-05-24 10:10:08,868 - INFO - Psiphon3 started successfully
2026-05-24 10:10:08,868 - INFO - Waiting 30 seconds for VPN connection to establish...
2026-05-24 10:10:40,077 - INFO - Successfully fetched: https://httpbin.org/ip
2026-05-24 10:10:40,079 - INFO - VPN connection test successful
2026-05-24 10:10:40,079 - INFO - VPN connection established successfully!
2026-05-24 10:10:40,079 - INFO - Trying WestLotto...
2026-05-24 10:10:40,531 - INFO - Successfully fetched: https://www.westlotto.de/eurojackpot/gewinnzahlen/gewinnzahlen.html
2026-05-24 10:10:40,641 - INFO - Successfully fetched: https://www.westlotto.de/eurojackpot/gewinnzahlen/gewinnzahlen.html
2026-05-24 10:10:40,742 - INFO - Successfully fetched: https://www.westlotto.de/eurojackpot/gewinnzahlen/gewinnzahlen.html
2026-05-24 10:10:40,859 - INFO - Successfully fetched: https://www.westlotto.de/eurojackpot/gewinnzahlen/gewinnzahlen.html
2026-05-24 10:10:40,978 - INFO - Successfully fetched: https://www.westlotto.de/eurojackpot/gewinnzahlen/gewinnzahlen.html
2026-05-24 10:10:41,100 - INFO - Successfully fetched: https://www.westlotto.de/eurojackpot/gewinnzahlen/gewinnzahlen.html
2026-05-24 10:10:41,210 - INFO - Successfully fetched: https://www.westlotto.de/eurojackpot/gewinnzahlen/gewinnzahlen.html
2026-05-24 10:10:41,322 - INFO - Successfully fetched: https://www.westlotto.de/eurojackpot/gewinnzahlen/gewinnzahlen.html
2026-05-24 10:10:41,433 - INFO - Successfully fetched: https://www.westlotto.de/eurojackpot/gewinnzahlen/gewinnzahlen.html
2026-05-24 10:10:41,547 - INFO - Successfully fetched: https://www.westlotto.de/eurojackpot/gewinnzahlen/gewinnzahlen.html
2026-05-24 10:10:41,665 - INFO - Successfully fetched: https://www.westlotto.de/eurojackpot/gewinnzahlen/gewinnzahlen.html
2026-05-24 10:10:41,778 - INFO - Successfully fetched: https://www.westlotto.de/eurojackpot/gewinnzahlen/gewinnzahlen.html
2026-05-24 10:10:41,895 - INFO - Successfully fetched: https://www.westlotto.de/eurojackpot/gewinnzahlen/gewinnzahlen.html
2026-05-24 10:10:42,010 - INFO - Successfully fetched: https://www.westlotto.de/eurojackpot/gewinnzahlen/gewinnzahlen.html
2026-05-24 10:10:42,128 - INFO - Successfully fetched: https://www.westlotto.de/eurojackpot/gewinnzahlen/gewinnzahlen.html
2026-05-24 10:10:42,244 - INFO - Successfully fetched: https://www.westlotto.de/eurojackpot/gewinnzahlen/gewinnzahlen.html
2026-05-24 10:10:42,375 - INFO - Successfully fetched: https://www.westlotto.de/eurojackpot/gewinnzahlen/gewinnzahlen.html
2026-05-24 10:10:42,997 - INFO - Successfully fetched: https://www.westlotto.de/eurojackpot/gewinnzahlen/gewinnzahlen.html
2026-05-24 10:10:43,626 - INFO - Successfully fetched: https://www.westlotto.de/eurojackpot/gewinnzahlen/gewinnzahlen.html
2026-05-24 10:10:44,247 - INFO - Successfully fetched: https://www.westlotto.de/eurojackpot/gewinnzahlen/gewinnzahlen.html
2026-05-24 10:10:44,899 - INFO - Successfully fetched: https://www.westlotto.de/eurojackpot/gewinnzahlen/gewinnzahlen.html
2026-05-24 10:10:45,555 - INFO - Successfully fetched: https://www.westlotto.de/eurojackpot/gewinnzahlen/gewinnzahlen.html
2026-05-24 10:10:46,222 - INFO - Successfully fetched: https://www.westlotto.de/eurojackpot/gewinnzahlen/gewinnzahlen.html
2026-05-24 10:10:46,883 - INFO - Successfully fetched: https://www.westlotto.de/eurojackpot/gewinnzahlen/gewinnzahlen.html
2026-05-24 10:10:47,545 - INFO - Successfully fetched: https://www.westlotto.de/eurojackpot/gewinnzahlen/gewinnzahlen.html
2026-05-24 10:10:48,208 - INFO - Successfully fetched: https://www.westlotto.de/eurojackpot/gewinnzahlen/gewinnzahlen.html
2026-05-24 10:10:48,877 - INFO - Successfully fetched: https://www.westlotto.de/eurojackpot/gewinnzahlen/gewinnzahlen.html
2026-05-24 10:10:49,546 - INFO - Successfully fetched: https://www.westlotto.de/eurojackpot/gewinnzahlen/gewinnzahlen.html
2026-05-24 10:10:50,209 - INFO - Successfully fetched: https://www.westlotto.de/eurojackpot/gewinnzahlen/gewinnzahlen.html
2026-05-24 10:10:50,886 - INFO - Successfully fetched: https://www.westlotto.de/eurojackpot/gewinnzahlen/gewinnzahlen.html
2026-05-24 10:10:51,546 - INFO - Successfully fetched: https://www.westlotto.de/eurojackpot/gewinnzahlen/gewinnzahlen.html
2026-05-24 10:10:52,214 - INFO - Successfully fetched: https://www.westlotto.de/eurojackpot/gewinnzahlen/gewinnzahlen.html
2026-05-24 10:10:52,839 - INFO - Successfully fetched: https://www.westlotto.de/eurojackpot/gewinnzahlen/gewinnzahlen.html
2026-05-24 10:10:53,473 - INFO - Successfully fetched: https://www.westlotto.de/eurojackpot/gewinnzahlen/gewinnzahlen.html
2026-05-24 10:10:54,139 - INFO - Successfully fetched: https://www.westlotto.de/eurojackpot/gewinnzahlen/gewinnzahlen.html
2026-05-24 10:10:54,801 - INFO - Successfully fetched: https://www.westlotto.de/eurojackpot/gewinnzahlen/gewinnzahlen.html
2026-05-24 10:10:55,493 - INFO - Successfully fetched: https://www.westlotto.de/eurojackpot/gewinnzahlen/gewinnzahlen.html
2026-05-24 10:10:56,161 - INFO - Successfully fetched: https://www.westlotto.de/eurojackpot/gewinnzahlen/gewinnzahlen.html
2026-05-24 10:10:56,825 - INFO - Successfully fetched: https://www.westlotto.de/eurojackpot/gewinnzahlen/gewinnzahlen.html
2026-05-24 10:10:57,503 - INFO - Successfully fetched: https://www.westlotto.de/eurojackpot/gewinnzahlen/gewinnzahlen.html
2026-05-24 10:10:58,169 - INFO - Successfully fetched: https://www.westlotto.de/eurojackpot/gewinnzahlen/gewinnzahlen.html
2026-05-24 10:10:58,835 - INFO - Successfully fetched: https://www.westlotto.de/eurojackpot/gewinnzahlen/gewinnzahlen.html
2026-05-24 10:10:59,499 - INFO - Successfully fetched: https://www.westlotto.de/eurojackpot/gewinnzahlen/gewinnzahlen.html
2026-05-24 10:11:00,166 - INFO - Successfully fetched: https://www.westlotto.de/eurojackpot/gewinnzahlen/gewinnzahlen.html
2026-05-24 10:11:00,840 - INFO - Successfully fetched: https://www.westlotto.de/eurojackpot/gewinnzahlen/gewinnzahlen.html
2026-05-24 10:11:01,517 - INFO - Successfully fetched: https://www.westlotto.de/eurojackpot/gewinnzahlen/gewinnzahlen.html
2026-05-24 10:11:02,224 - INFO - Successfully fetched: https://www.westlotto.de/eurojackpot/gewinnzahlen/gewinnzahlen.html
2026-05-24 10:11:02,852 - INFO - Successfully fetched: https://www.westlotto.de/eurojackpot/gewinnzahlen/gewinnzahlen.html
2026-05-24 10:11:03,485 - INFO - Successfully fetched: https://www.westlotto.de/eurojackpot/gewinnzahlen/gewinnzahlen.html
2026-05-24 10:11:04,143 - INFO - Successfully fetched: https://www.westlotto.de/eurojackpot/gewinnzahlen/gewinnzahlen.html
2026-05-24 10:11:04,811 - INFO - Successfully fetched: https://www.westlotto.de/eurojackpot/gewinnzahlen/gewinnzahlen.html
2026-05-24 10:11:05,497 - INFO - Successfully fetched: https://www.westlotto.de/eurojackpot/gewinnzahlen/gewinnzahlen.html
2026-05-24 10:11:06,170 - INFO - Successfully fetched: https://www.westlotto.de/eurojackpot/gewinnzahlen/gewinnzahlen.html
2026-05-24 10:11:06,840 - INFO - Successfully fetched: https://www.westlotto.de/eurojackpot/gewinnzahlen/gewinnzahlen.html
2026-05-24 10:11:07,500 - INFO - Successfully fetched: https://www.westlotto.de/eurojackpot/gewinnzahlen/gewinnzahlen.html
2026-05-24 10:11:08,175 - INFO - Successfully fetched: https://www.westlotto.de/eurojackpot/gewinnzahlen/gewinnzahlen.html
2026-05-24 10:11:08,847 - INFO - Successfully fetched: https://www.westlotto.de/eurojackpot/gewinnzahlen/gewinnzahlen.html
2026-05-24 10:11:09,532 - INFO - Successfully fetched: https://www.westlotto.de/eurojackpot/gewinnzahlen/gewinnzahlen.html
2026-05-24 10:11:10,201 - INFO - Successfully fetched: https://www.westlotto.de/eurojackpot/gewinnzahlen/gewinnzahlen.html
2026-05-24 10:11:10,859 - INFO - Successfully fetched: https://www.westlotto.de/eurojackpot/gewinnzahlen/gewinnzahlen.html
2026-05-24 10:11:11,481 - INFO - Successfully fetched: https://www.westlotto.de/eurojackpot/gewinnzahlen/gewinnzahlen.html
2026-05-24 10:11:12,121 - INFO - Successfully fetched: https://www.westlotto.de/eurojackpot/gewinnzahlen/gewinnzahlen.html
2026-05-24 10:11:12,787 - INFO - Successfully fetched: https://www.westlotto.de/eurojackpot/gewinnzahlen/gewinnzahlen.html
2026-05-24 10:11:13,468 - INFO - Successfully fetched: https://www.westlotto.de/eurojackpot/gewinnzahlen/gewinnzahlen.html
2026-05-24 10:11:14,137 - INFO - Successfully fetched: https://www.westlotto.de/eurojackpot/gewinnzahlen/gewinnzahlen.html
2026-05-24 10:11:14,814 - INFO - Successfully fetched: https://www.westlotto.de/eurojackpot/gewinnzahlen/gewinnzahlen.html
2026-05-24 10:11:15,495 - INFO - Successfully fetched: https://www.westlotto.de/eurojackpot/gewinnzahlen/gewinnzahlen.html
2026-05-24 10:11:16,166 - INFO - Successfully fetched: https://www.westlotto.de/eurojackpot/gewinnzahlen/gewinnzahlen.html
2026-05-24 10:11:16,831 - INFO - Successfully fetched: https://www.westlotto.de/eurojackpot/gewinnzahlen/gewinnzahlen.html
2026-05-24 10:11:17,509 - INFO - Successfully fetched: https://www.westlotto.de/eurojackpot/gewinnzahlen/gewinnzahlen.html
2026-05-24 10:11:18,185 - INFO - Successfully fetched: https://www.westlotto.de/eurojackpot/gewinnzahlen/gewinnzahlen.html
2026-05-24 10:11:18,880 - INFO - Successfully fetched: https://www.westlotto.de/eurojackpot/gewinnzahlen/gewinnzahlen.html
2026-05-24 10:11:19,549 - INFO - Successfully fetched: https://www.westlotto.de/eurojackpot/gewinnzahlen/gewinnzahlen.html
2026-05-24 10:11:20,249 - INFO - Successfully fetched: https://www.westlotto.de/eurojackpot/gewinnzahlen/gewinnzahlen.html
2026-05-24 10:11:20,920 - INFO - Successfully fetched: https://www.westlotto.de/eurojackpot/gewinnzahlen/gewinnzahlen.html
2026-05-24 10:11:21,545 - INFO - Successfully fetched: https://www.westlotto.de/eurojackpot/gewinnzahlen/gewinnzahlen.html
2026-05-24 10:11:22,165 - INFO - Successfully fetched: https://www.westlotto.de/eurojackpot/gewinnzahlen/gewinnzahlen.html
2026-05-24 10:11:22,792 - INFO - Successfully fetched: https://www.westlotto.de/eurojackpot/gewinnzahlen/gewinnzahlen.html
2026-05-24 10:11:23,421 - INFO - Successfully fetched: https://www.westlotto.de/eurojackpot/gewinnzahlen/gewinnzahlen.html
2026-05-24 10:11:24,084 - INFO - Successfully fetched: https://www.westlotto.de/eurojackpot/gewinnzahlen/gewinnzahlen.html
2026-05-24 10:11:24,759 - INFO - Successfully fetched: https://www.westlotto.de/eurojackpot/gewinnzahlen/gewinnzahlen.html
2026-05-24 10:11:25,430 - INFO - Successfully fetched: https://www.westlotto.de/eurojackpot/gewinnzahlen/gewinnzahlen.html
2026-05-24 10:11:26,106 - INFO - Successfully fetched: https://www.westlotto.de/eurojackpot/gewinnzahlen/gewinnzahlen.html
2026-05-24 10:11:26,783 - INFO - Successfully fetched: https://www.westlotto.de/eurojackpot/gewinnzahlen/gewinnzahlen.html
2026-05-24 10:11:27,414 - INFO - Successfully fetched: https://www.westlotto.de/eurojackpot/gewinnzahlen/gewinnzahlen.html
2026-05-24 10:11:28,127 - INFO - Successfully fetched: https://www.westlotto.de/eurojackpot/gewinnzahlen/gewinnzahlen.html
2026-05-24 10:11:28,798 - INFO - Successfully fetched: https://www.westlotto.de/eurojackpot/gewinnzahlen/gewinnzahlen.html
2026-05-24 10:11:29,481 - INFO - Successfully fetched: https://www.westlotto.de/eurojackpot/gewinnzahlen/gewinnzahlen.html
2026-05-24 10:11:30,137 - INFO - Successfully fetched: https://www.westlotto.de/eurojackpot/gewinnzahlen/gewinnzahlen.html
2026-05-24 10:11:30,810 - INFO - Successfully fetched: https://www.westlotto.de/eurojackpot/gewinnzahlen/gewinnzahlen.html
2026-05-24 10:11:31,524 - INFO - Successfully fetched: https://www.westlotto.de/eurojackpot/gewinnzahlen/gewinnzahlen.html
2026-05-24 10:11:32,223 - INFO - Successfully fetched: https://www.westlotto.de/eurojackpot/gewinnzahlen/gewinnzahlen.html
2026-05-24 10:11:32,909 - INFO - Successfully fetched: https://www.westlotto.de/eurojackpot/gewinnzahlen/gewinnzahlen.html
2026-05-24 10:11:33,596 - INFO - Successfully fetched: https://www.westlotto.de/eurojackpot/gewinnzahlen/gewinnzahlen.html
2026-05-24 10:11:34,297 - INFO - Successfully fetched: https://www.westlotto.de/eurojackpot/gewinnzahlen/gewinnzahlen.html
2026-05-24 10:11:34,996 - INFO - Successfully fetched: https://www.westlotto.de/eurojackpot/gewinnzahlen/gewinnzahlen.html
2026-05-24 10:11:35,710 - INFO - Successfully fetched: https://www.westlotto.de/eurojackpot/gewinnzahlen/gewinnzahlen.html
2026-05-24 10:11:36,404 - INFO - Successfully fetched: https://www.westlotto.de/eurojackpot/gewinnzahlen/gewinnzahlen.html
2026-05-24 10:11:37,080 - INFO - Successfully fetched: https://www.westlotto.de/eurojackpot/gewinnzahlen/gewinnzahlen.html
2026-05-24 10:11:37,782 - INFO - Successfully fetched: https://www.westlotto.de/eurojackpot/gewinnzahlen/gewinnzahlen.html
2026-05-24 10:11:38,776 - INFO - Successfully fetched: https://www.westlotto.de/eurojackpot/gewinnzahlen/gewinnzahlen.html
2026-05-24 10:11:39,509 - INFO - Successfully fetched: https://www.westlotto.de/eurojackpot/gewinnzahlen/gewinnzahlen.html
2026-05-24 10:11:40,195 - INFO - Successfully fetched: https://www.westlotto.de/eurojackpot/gewinnzahlen/gewinnzahlen.html
2026-05-24 10:11:40,886 - INFO - Successfully fetched: https://www.westlotto.de/eurojackpot/gewinnzahlen/gewinnzahlen.html
2026-05-24 10:11:41,589 - INFO - Successfully fetched: https://www.westlotto.de/eurojackpot/gewinnzahlen/gewinnzahlen.html
2026-05-24 10:11:42,293 - INFO - Successfully fetched: https://www.westlotto.de/eurojackpot/gewinnzahlen/gewinnzahlen.html
2026-05-24 10:11:43,013 - INFO - Successfully fetched: https://www.westlotto.de/eurojackpot/gewinnzahlen/gewinnzahlen.html
2026-05-24 10:11:43,789 - INFO - Successfully fetched: https://www.westlotto.de/eurojackpot/gewinnzahlen/gewinnzahlen.html
2026-05-24 10:11:44,480 - INFO - Successfully fetched: https://www.westlotto.de/eurojackpot/gewinnzahlen/gewinnzahlen.html
2026-05-24 10:11:45,188 - INFO - Successfully fetched: https://www.westlotto.de/eurojackpot/gewinnzahlen/gewinnzahlen.html
2026-05-24 10:11:45,902 - INFO - Successfully fetched: https://www.westlotto.de/eurojackpot/gewinnzahlen/gewinnzahlen.html
2026-05-24 10:11:46,597 - INFO - Successfully fetched: https://www.westlotto.de/eurojackpot/gewinnzahlen/gewinnzahlen.html
2026-05-24 10:11:47,284 - INFO - Successfully fetched: https://www.westlotto.de/eurojackpot/gewinnzahlen/gewinnzahlen.html
2026-05-24 10:11:48,006 - INFO - Successfully fetched: https://www.westlotto.de/eurojackpot/gewinnzahlen/gewinnzahlen.html
2026-05-24 10:11:48,707 - INFO - Successfully fetched: https://www.westlotto.de/eurojackpot/gewinnzahlen/gewinnzahlen.html
2026-05-24 10:11:49,395 - INFO - Successfully fetched: https://www.westlotto.de/eurojackpot/gewinnzahlen/gewinnzahlen.html
2026-05-24 10:11:50,103 - INFO - Successfully fetched: https://www.westlotto.de/eurojackpot/gewinnzahlen/gewinnzahlen.html
2026-05-24 10:11:50,798 - INFO - Successfully fetched: https://www.westlotto.de/eurojackpot/gewinnzahlen/gewinnzahlen.html
2026-05-24 10:11:51,536 - INFO - Successfully fetched: https://www.westlotto.de/eurojackpot/gewinnzahlen/gewinnzahlen.html
2026-05-24 10:11:52,251 - INFO - Successfully fetched: https://www.westlotto.de/eurojackpot/gewinnzahlen/gewinnzahlen.html
2026-05-24 10:11:52,940 - INFO - Successfully fetched: https://www.westlotto.de/eurojackpot/gewinnzahlen/gewinnzahlen.html
2026-05-24 10:11:53,634 - INFO - Successfully fetched: https://www.westlotto.de/eurojackpot/gewinnzahlen/gewinnzahlen.html
2026-05-24 10:11:54,359 - INFO - Successfully fetched: https://www.westlotto.de/eurojackpot/gewinnzahlen/gewinnzahlen.html
2026-05-24 10:11:55,061 - INFO - Successfully fetched: https://www.westlotto.de/eurojackpot/gewinnzahlen/gewinnzahlen.html
2026-05-24 10:11:55,754 - INFO - Successfully fetched: https://www.westlotto.de/eurojackpot/gewinnzahlen/gewinnzahlen.html
2026-05-24 10:11:56,417 - INFO - Successfully fetched: https://www.westlotto.de/eurojackpot/gewinnzahlen/gewinnzahlen.html
2026-05-24 10:11:57,104 - INFO - Successfully fetched: https://www.westlotto.de/eurojackpot/gewinnzahlen/gewinnzahlen.html
2026-05-24 10:11:57,837 - INFO - Successfully fetched: https://www.westlotto.de/eurojackpot/gewinnzahlen/gewinnzahlen.html
2026-05-24 10:11:58,544 - INFO - Successfully fetched: https://www.westlotto.de/eurojackpot/gewinnzahlen/gewinnzahlen.html
2026-05-24 10:11:59,270 - INFO - Successfully fetched: https://www.westlotto.de/eurojackpot/gewinnzahlen/gewinnzahlen.html
2026-05-24 10:11:59,982 - INFO - Successfully fetched: https://www.westlotto.de/eurojackpot/gewinnzahlen/gewinnzahlen.html
2026-05-24 10:12:00,692 - INFO - Successfully fetched: https://www.westlotto.de/eurojackpot/gewinnzahlen/gewinnzahlen.html
2026-05-24 10:12:01,421 - INFO - Successfully fetched: https://www.westlotto.de/eurojackpot/gewinnzahlen/gewinnzahlen.html
2026-05-24 10:12:02,116 - INFO - Successfully fetched: https://www.westlotto.de/eurojackpot/gewinnzahlen/gewinnzahlen.html
2026-05-24 10:12:02,831 - INFO - Successfully fetched: https://www.westlotto.de/eurojackpot/gewinnzahlen/gewinnzahlen.html
2026-05-24 10:12:03,519 - INFO - Successfully fetched: https://www.westlotto.de/eurojackpot/gewinnzahlen/gewinnzahlen.html
2026-05-24 10:12:04,208 - INFO - Successfully fetched: https://www.westlotto.de/eurojackpot/gewinnzahlen/gewinnzahlen.html
2026-05-24 10:12:05,046 - INFO - Successfully fetched: https://www.westlotto.de/eurojackpot/gewinnzahlen/gewinnzahlen.html
2026-05-24 10:12:05,827 - INFO - Successfully fetched: https://www.westlotto.de/eurojackpot/gewinnzahlen/gewinnzahlen.html
2026-05-24 10:12:06,515 - INFO - Successfully fetched: https://www.westlotto.de/eurojackpot/gewinnzahlen/gewinnzahlen.html
2026-05-24 10:12:07,205 - INFO - Successfully fetched: https://www.westlotto.de/eurojackpot/gewinnzahlen/gewinnzahlen.html
2026-05-24 10:12:07,860 - INFO - Successfully fetched: https://www.westlotto.de/eurojackpot/gewinnzahlen/gewinnzahlen.html
2026-05-24 10:12:08,493 - INFO - Successfully fetched: https://www.westlotto.de/eurojackpot/gewinnzahlen/gewinnzahlen.html
2026-05-24 10:12:09,192 - INFO - Successfully fetched: https://www.westlotto.de/eurojackpot/gewinnzahlen/gewinnzahlen.html
2026-05-24 10:12:09,858 - INFO - Successfully fetched: https://www.westlotto.de/eurojackpot/gewinnzahlen/gewinnzahlen.html
2026-05-24 10:12:10,556 - INFO - Successfully fetched: https://www.westlotto.de/eurojackpot/gewinnzahlen/gewinnzahlen.html
2026-05-24 10:12:11,250 - INFO - Successfully fetched: https://www.westlotto.de/eurojackpot/gewinnzahlen/gewinnzahlen.html
2026-05-24 10:12:11,966 - INFO - Successfully fetched: https://www.westlotto.de/eurojackpot/gewinnzahlen/gewinnzahlen.html
2026-05-24 10:12:12,626 - INFO - Successfully fetched: https://www.westlotto.de/eurojackpot/gewinnzahlen/gewinnzahlen.html
2026-05-24 10:12:13,286 - INFO - Successfully fetched: https://www.westlotto.de/eurojackpot/gewinnzahlen/gewinnzahlen.html
2026-05-24 10:12:13,958 - INFO - Successfully fetched: https://www.westlotto.de/eurojackpot/gewinnzahlen/gewinnzahlen.html
2026-05-24 10:12:14,649 - INFO - Successfully fetched: https://www.westlotto.de/eurojackpot/gewinnzahlen/gewinnzahlen.html
2026-05-24 10:12:15,331 - INFO - Successfully fetched: https://www.westlotto.de/eurojackpot/gewinnzahlen/gewinnzahlen.html
2026-05-24 10:12:15,988 - INFO - Successfully fetched: https://www.westlotto.de/eurojackpot/gewinnzahlen/gewinnzahlen.html
2026-05-24 10:12:16,675 - INFO - Successfully fetched: https://www.westlotto.de/eurojackpot/gewinnzahlen/gewinnzahlen.html
2026-05-24 10:12:17,421 - INFO - Successfully fetched: https://www.westlotto.de/eurojackpot/gewinnzahlen/gewinnzahlen.html
2026-05-24 10:12:18,115 - INFO - Successfully fetched: https://www.westlotto.de/eurojackpot/gewinnzahlen/gewinnzahlen.html
2026-05-24 10:12:18,793 - INFO - Successfully fetched: https://www.westlotto.de/eurojackpot/gewinnzahlen/gewinnzahlen.html
2026-05-24 10:12:19,460 - INFO - Successfully fetched: https://www.westlotto.de/eurojackpot/gewinnzahlen/gewinnzahlen.html
2026-05-24 10:12:20,167 - INFO - Successfully fetched: https://www.westlotto.de/eurojackpot/gewinnzahlen/gewinnzahlen.html
2026-05-24 10:12:20,866 - INFO - Successfully fetched: https://www.westlotto.de/eurojackpot/gewinnzahlen/gewinnzahlen.html
2026-05-24 10:12:21,593 - INFO - Successfully fetched: https://www.westlotto.de/eurojackpot/gewinnzahlen/gewinnzahlen.html
2026-05-24 10:12:22,305 - INFO - Successfully fetched: https://www.westlotto.de/eurojackpot/gewinnzahlen/gewinnzahlen.html
2026-05-24 10:12:22,963 - INFO - Successfully fetched: https://www.westlotto.de/eurojackpot/gewinnzahlen/gewinnzahlen.html
2026-05-24 10:12:23,660 - INFO - Successfully fetched: https://www.westlotto.de/eurojackpot/gewinnzahlen/gewinnzahlen.html
2026-05-24 10:12:24,328 - INFO - Successfully fetched: https://www.westlotto.de/eurojackpot/gewinnzahlen/gewinnzahlen.html
2026-05-24 10:12:25,066 - INFO - Successfully fetched: https://www.westlotto.de/eurojackpot/gewinnzahlen/gewinnzahlen.html
2026-05-24 10:12:25,799 - INFO - Successfully fetched: https://www.westlotto.de/eurojackpot/gewinnzahlen/gewinnzahlen.html
2026-05-24 10:12:26,489 - INFO - Successfully fetched: https://www.westlotto.de/eurojackpot/gewinnzahlen/gewinnzahlen.html
2026-05-24 10:12:27,182 - INFO - Successfully fetched: https://www.westlotto.de/eurojackpot/gewinnzahlen/gewinnzahlen.html
2026-05-24 10:12:27,889 - INFO - Successfully fetched: https://www.westlotto.de/eurojackpot/gewinnzahlen/gewinnzahlen.html
2026-05-24 10:12:28,574 - INFO - Successfully fetched: https://www.westlotto.de/eurojackpot/gewinnzahlen/gewinnzahlen.html
2026-05-24 10:12:29,271 - INFO - Successfully fetched: https://www.westlotto.de/eurojackpot/gewinnzahlen/gewinnzahlen.html
2026-05-24 10:12:30,010 - INFO - Successfully fetched: https://www.westlotto.de/eurojackpot/gewinnzahlen/gewinnzahlen.html
2026-05-24 10:12:30,715 - INFO - Successfully fetched: https://www.westlotto.de/eurojackpot/gewinnzahlen/gewinnzahlen.html
2026-05-24 10:12:31,393 - INFO - Successfully fetched: https://www.westlotto.de/eurojackpot/gewinnzahlen/gewinnzahlen.html
2026-05-24 10:12:32,205 - INFO - Successfully fetched: https://www.westlotto.de/eurojackpot/gewinnzahlen/gewinnzahlen.html
2026-05-24 10:12:32,926 - INFO - Successfully fetched: https://www.westlotto.de/eurojackpot/gewinnzahlen/gewinnzahlen.html
2026-05-24 10:12:33,641 - INFO - Successfully fetched: https://www.westlotto.de/eurojackpot/gewinnzahlen/gewinnzahlen.html
2026-05-24 10:12:34,279 - INFO - Successfully fetched: https://www.westlotto.de/eurojackpot/gewinnzahlen/gewinnzahlen.html
2026-05-24 10:12:34,964 - INFO - Successfully fetched: https://www.westlotto.de/eurojackpot/gewinnzahlen/gewinnzahlen.html
2026-05-24 10:12:35,635 - INFO - Successfully fetched: https://www.westlotto.de/eurojackpot/gewinnzahlen/gewinnzahlen.html
2026-05-24 10:12:36,340 - INFO - Successfully fetched: https://www.westlotto.de/eurojackpot/gewinnzahlen/gewinnzahlen.html
2026-05-24 10:12:37,022 - INFO - Successfully fetched: https://www.westlotto.de/eurojackpot/gewinnzahlen/gewinnzahlen.html
2026-05-24 10:12:37,696 - INFO - Successfully fetched: https://www.westlotto.de/eurojackpot/gewinnzahlen/gewinnzahlen.html
2026-05-24 10:12:38,333 - INFO - Successfully fetched: https://www.westlotto.de/eurojackpot/gewinnzahlen/gewinnzahlen.html
2026-05-24 10:12:38,981 - INFO - Successfully fetched: https://www.westlotto.de/eurojackpot/gewinnzahlen/gewinnzahlen.html
2026-05-24 10:12:39,615 - INFO - Successfully fetched: https://www.westlotto.de/eurojackpot/gewinnzahlen/gewinnzahlen.html
2026-05-24 10:12:40,261 - INFO - Successfully fetched: https://www.westlotto.de/eurojackpot/gewinnzahlen/gewinnzahlen.html
2026-05-24 10:12:40,934 - INFO - Successfully fetched: https://www.westlotto.de/eurojackpot/gewinnzahlen/gewinnzahlen.html
2026-05-24 10:12:41,595 - INFO - Successfully fetched: https://www.westlotto.de/eurojackpot/gewinnzahlen/gewinnzahlen.html
2026-05-24 10:12:42,267 - INFO - Successfully fetched: https://www.westlotto.de/eurojackpot/gewinnzahlen/gewinnzahlen.html
2026-05-24 10:12:42,942 - INFO - Successfully fetched: https://www.westlotto.de/eurojackpot/gewinnzahlen/gewinnzahlen.html
2026-05-24 10:12:43,614 - INFO - Successfully fetched: https://www.westlotto.de/eurojackpot/gewinnzahlen/gewinnzahlen.html
2026-05-24 10:12:44,285 - INFO - Successfully fetched: https://www.westlotto.de/eurojackpot/gewinnzahlen/gewinnzahlen.html
2026-05-24 10:12:44,910 - INFO - Successfully fetched: https://www.westlotto.de/eurojackpot/gewinnzahlen/gewinnzahlen.html
2026-05-24 10:12:45,547 - INFO - Successfully fetched: https://www.westlotto.de/eurojackpot/gewinnzahlen/gewinnzahlen.html
2026-05-24 10:12:46,176 - INFO - Successfully fetched: https://www.westlotto.de/eurojackpot/gewinnzahlen/gewinnzahlen.html
2026-05-24 10:12:46,843 - INFO - Successfully fetched: https://www.westlotto.de/eurojackpot/gewinnzahlen/gewinnzahlen.html
2026-05-24 10:12:47,507 - INFO - Successfully fetched: https://www.westlotto.de/eurojackpot/gewinnzahlen/gewinnzahlen.html
2026-05-24 10:12:48,428 - INFO - Successfully fetched: https://www.westlotto.de/eurojackpot/gewinnzahlen/gewinnzahlen.html
2026-05-24 10:12:49,103 - INFO - Successfully fetched: https://www.westlotto.de/eurojackpot/gewinnzahlen/gewinnzahlen.html
2026-05-24 10:12:49,733 - INFO - Successfully fetched: https://www.westlotto.de/eurojackpot/gewinnzahlen/gewinnzahlen.html
2026-05-24 10:12:50,357 - INFO - Successfully fetched: https://www.westlotto.de/eurojackpot/gewinnzahlen/gewinnzahlen.html
2026-05-24 10:12:51,026 - INFO - Successfully fetched: https://www.westlotto.de/eurojackpot/gewinnzahlen/gewinnzahlen.html
2026-05-24 10:12:51,704 - INFO - Successfully fetched: https://www.westlotto.de/eurojackpot/gewinnzahlen/gewinnzahlen.html
2026-05-24 10:12:52,378 - INFO - Successfully fetched: https://www.westlotto.de/eurojackpot/gewinnzahlen/gewinnzahlen.html
2026-05-24 10:12:53,024 - INFO - Successfully fetched: https://www.westlotto.de/eurojackpot/gewinnzahlen/gewinnzahlen.html
2026-05-24 10:12:53,706 - INFO - Successfully fetched: https://www.westlotto.de/eurojackpot/gewinnzahlen/gewinnzahlen.html
2026-05-24 10:12:54,369 - INFO - Successfully fetched: https://www.westlotto.de/eurojackpot/gewinnzahlen/gewinnzahlen.html
2026-05-24 10:12:55,040 - INFO - Successfully fetched: https://www.westlotto.de/eurojackpot/gewinnzahlen/gewinnzahlen.html
2026-05-24 10:12:55,743 - INFO - Successfully fetched: https://www.westlotto.de/eurojackpot/gewinnzahlen/gewinnzahlen.html
2026-05-24 10:12:56,414 - INFO - Successfully fetched: https://www.westlotto.de/eurojackpot/gewinnzahlen/gewinnzahlen.html
2026-05-24 10:12:57,102 - INFO - Successfully fetched: https://www.westlotto.de/eurojackpot/gewinnzahlen/gewinnzahlen.html
2026-05-24 10:12:57,780 - INFO - Successfully fetched: https://www.westlotto.de/eurojackpot/gewinnzahlen/gewinnzahlen.html
2026-05-24 10:12:58,445 - INFO - Successfully fetched: https://www.westlotto.de/eurojackpot/gewinnzahlen/gewinnzahlen.html
2026-05-24 10:12:59,138 - INFO - Successfully fetched: https://www.westlotto.de/eurojackpot/gewinnzahlen/gewinnzahlen.html
2026-05-24 10:12:59,798 - INFO - Successfully fetched: https://www.westlotto.de/eurojackpot/gewinnzahlen/gewinnzahlen.html
2026-05-24 10:13:00,473 - INFO - Successfully fetched: https://www.westlotto.de/eurojackpot/gewinnzahlen/gewinnzahlen.html
2026-05-24 10:13:01,143 - INFO - Successfully fetched: https://www.westlotto.de/eurojackpot/gewinnzahlen/gewinnzahlen.html
2026-05-24 10:13:01,810 - INFO - Successfully fetched: https://www.westlotto.de/eurojackpot/gewinnzahlen/gewinnzahlen.html
2026-05-24 10:13:02,483 - INFO - Successfully fetched: https://www.westlotto.de/eurojackpot/gewinnzahlen/gewinnzahlen.html
2026-05-24 10:13:03,145 - INFO - Successfully fetched: https://www.westlotto.de/eurojackpot/gewinnzahlen/gewinnzahlen.html
2026-05-24 10:13:03,807 - INFO - Successfully fetched: https://www.westlotto.de/eurojackpot/gewinnzahlen/gewinnzahlen.html
2026-05-24 10:13:04,481 - INFO - Successfully fetched: https://www.westlotto.de/eurojackpot/gewinnzahlen/gewinnzahlen.html
2026-05-24 10:13:05,233 - INFO - Successfully fetched: https://www.westlotto.de/eurojackpot/gewinnzahlen/gewinnzahlen.html
2026-05-24 10:13:05,907 - INFO - Successfully fetched: https://www.westlotto.de/eurojackpot/gewinnzahlen/gewinnzahlen.html
2026-05-24 10:13:06,626 - INFO - Successfully fetched: https://www.westlotto.de/eurojackpot/gewinnzahlen/gewinnzahlen.html
2026-05-24 10:13:07,314 - INFO - Successfully fetched: https://www.westlotto.de/eurojackpot/gewinnzahlen/gewinnzahlen.html
2026-05-24 10:13:08,000 - INFO - Successfully fetched: https://www.westlotto.de/eurojackpot/gewinnzahlen/gewinnzahlen.html
2026-05-24 10:13:08,629 - INFO - Successfully fetched: https://www.westlotto.de/eurojackpot/gewinnzahlen/gewinnzahlen.html
2026-05-24 10:13:09,264 - INFO - Successfully fetched: https://www.westlotto.de/eurojackpot/gewinnzahlen/gewinnzahlen.html
2026-05-24 10:13:09,932 - INFO - Successfully fetched: https://www.westlotto.de/eurojackpot/gewinnzahlen/gewinnzahlen.html
2026-05-24 10:13:10,614 - INFO - Successfully fetched: https://www.westlotto.de/eurojackpot/gewinnzahlen/gewinnzahlen.html
2026-05-24 10:13:11,274 - INFO - Successfully fetched: https://www.westlotto.de/eurojackpot/gewinnzahlen/gewinnzahlen.html
2026-05-24 10:13:11,933 - INFO - Successfully fetched: https://www.westlotto.de/eurojackpot/gewinnzahlen/gewinnzahlen.html
2026-05-24 10:13:12,602 - INFO - Successfully fetched: https://www.westlotto.de/eurojackpot/gewinnzahlen/gewinnzahlen.html
2026-05-24 10:13:13,273 - INFO - Successfully fetched: https://www.westlotto.de/eurojackpot/gewinnzahlen/gewinnzahlen.html
2026-05-24 10:13:13,945 - INFO - Successfully fetched: https://www.westlotto.de/eurojackpot/gewinnzahlen/gewinnzahlen.html
2026-05-24 10:13:14,585 - INFO - Successfully fetched: https://www.westlotto.de/eurojackpot/gewinnzahlen/gewinnzahlen.html
2026-05-24 10:13:15,219 - INFO - Successfully fetched: https://www.westlotto.de/eurojackpot/gewinnzahlen/gewinnzahlen.html
2026-05-24 10:13:15,853 - INFO - Successfully fetched: https://www.westlotto.de/eurojackpot/gewinnzahlen/gewinnzahlen.html
2026-05-24 10:13:16,524 - INFO - Successfully fetched: https://www.westlotto.de/eurojackpot/gewinnzahlen/gewinnzahlen.html
2026-05-24 10:13:17,187 - INFO - Successfully fetched: https://www.westlotto.de/eurojackpot/gewinnzahlen/gewinnzahlen.html
2026-05-24 10:13:17,853 - INFO - Successfully fetched: https://www.westlotto.de/eurojackpot/gewinnzahlen/gewinnzahlen.html
2026-05-24 10:13:18,509 - INFO - Successfully fetched: https://www.westlotto.de/eurojackpot/gewinnzahlen/gewinnzahlen.html
2026-05-24 10:13:19,176 - INFO - Successfully fetched: https://www.westlotto.de/eurojackpot/gewinnzahlen/gewinnzahlen.html
2026-05-24 10:13:19,838 - INFO - Successfully fetched: https://www.westlotto.de/eurojackpot/gewinnzahlen/gewinnzahlen.html
2026-05-24 10:13:20,482 - INFO - Successfully fetched: https://www.westlotto.de/eurojackpot/gewinnzahlen/gewinnzahlen.html
2026-05-24 10:13:21,125 - INFO - Successfully fetched: https://www.westlotto.de/eurojackpot/gewinnzahlen/gewinnzahlen.html
2026-05-24 10:13:21,770 - INFO - Successfully fetched: https://www.westlotto.de/eurojackpot/gewinnzahlen/gewinnzahlen.html
2026-05-24 10:13:22,448 - INFO - Successfully fetched: https://www.westlotto.de/eurojackpot/gewinnzahlen/gewinnzahlen.html
2026-05-24 10:13:23,126 - INFO - Successfully fetched: https://www.westlotto.de/eurojackpot/gewinnzahlen/gewinnzahlen.html
2026-05-24 10:13:23,796 - INFO - Successfully fetched: https://www.westlotto.de/eurojackpot/gewinnzahlen/gewinnzahlen.html
2026-05-24 10:13:24,462 - INFO - Successfully fetched: https://www.westlotto.de/eurojackpot/gewinnzahlen/gewinnzahlen.html
2026-05-24 10:13:25,125 - INFO - Successfully fetched: https://www.westlotto.de/eurojackpot/gewinnzahlen/gewinnzahlen.html
2026-05-24 10:13:25,845 - INFO - Successfully fetched: https://www.westlotto.de/eurojackpot/gewinnzahlen/gewinnzahlen.html
2026-05-24 10:13:26,545 - INFO - Successfully fetched: https://www.westlotto.de/eurojackpot/gewinnzahlen/gewinnzahlen.html
2026-05-24 10:13:27,256 - INFO - Successfully fetched: https://www.westlotto.de/eurojackpot/gewinnzahlen/gewinnzahlen.html
2026-05-24 10:13:27,951 - INFO - Successfully fetched: https://www.westlotto.de/eurojackpot/gewinnzahlen/gewinnzahlen.html
2026-05-24 10:13:28,623 - INFO - Successfully fetched: https://www.westlotto.de/eurojackpot/gewinnzahlen/gewinnzahlen.html
2026-05-24 10:13:29,291 - INFO - Successfully fetched: https://www.westlotto.de/eurojackpot/gewinnzahlen/gewinnzahlen.html
2026-05-24 10:13:29,992 - INFO - Successfully fetched: https://www.westlotto.de/eurojackpot/gewinnzahlen/gewinnzahlen.html
2026-05-24 10:13:30,696 - INFO - Successfully fetched: https://www.westlotto.de/eurojackpot/gewinnzahlen/gewinnzahlen.html
2026-05-24 10:13:31,388 - INFO - Successfully fetched: https://www.westlotto.de/eurojackpot/gewinnzahlen/gewinnzahlen.html
2026-05-24 10:13:32,080 - INFO - Successfully fetched: https://www.westlotto.de/eurojackpot/gewinnzahlen/gewinnzahlen.html
2026-05-24 10:13:32,765 - INFO - Successfully fetched: https://www.westlotto.de/eurojackpot/gewinnzahlen/gewinnzahlen.html
2026-05-24 10:13:33,453 - INFO - Successfully fetched: https://www.westlotto.de/eurojackpot/gewinnzahlen/gewinnzahlen.html
2026-05-24 10:13:34,156 - INFO - Successfully fetched: https://www.westlotto.de/eurojackpot/gewinnzahlen/gewinnzahlen.html
2026-05-24 10:13:34,830 - INFO - Successfully fetched: https://www.westlotto.de/eurojackpot/gewinnzahlen/gewinnzahlen.html
2026-05-24 10:13:35,491 - INFO - Successfully fetched: https://www.westlotto.de/eurojackpot/gewinnzahlen/gewinnzahlen.html
2026-05-24 10:13:36,197 - INFO - Successfully fetched: https://www.westlotto.de/eurojackpot/gewinnzahlen/gewinnzahlen.html
2026-05-24 10:13:36,900 - INFO - Successfully fetched: https://www.westlotto.de/eurojackpot/gewinnzahlen/gewinnzahlen.html
2026-05-24 10:13:37,639 - INFO - Successfully fetched: https://www.westlotto.de/eurojackpot/gewinnzahlen/gewinnzahlen.html
2026-05-24 10:13:38,412 - INFO - Successfully fetched: https://www.westlotto.de/eurojackpot/gewinnzahlen/gewinnzahlen.html
2026-05-24 10:13:39,099 - INFO - Successfully fetched: https://www.westlotto.de/eurojackpot/gewinnzahlen/gewinnzahlen.html
2026-05-24 10:13:39,759 - INFO - Successfully fetched: https://www.westlotto.de/eurojackpot/gewinnzahlen/gewinnzahlen.html
2026-05-24 10:13:40,470 - INFO - Successfully fetched: https://www.westlotto.de/eurojackpot/gewinnzahlen/gewinnzahlen.html
2026-05-24 10:13:41,152 - INFO - Successfully fetched: https://www.westlotto.de/eurojackpot/gewinnzahlen/gewinnzahlen.html
2026-05-24 10:13:41,842 - INFO - Successfully fetched: https://www.westlotto.de/eurojackpot/gewinnzahlen/gewinnzahlen.html
2026-05-24 10:13:42,528 - INFO - Successfully fetched: https://www.westlotto.de/eurojackpot/gewinnzahlen/gewinnzahlen.html
2026-05-24 10:13:43,218 - INFO - Successfully fetched: https://www.westlotto.de/eurojackpot/gewinnzahlen/gewinnzahlen.html
2026-05-24 10:13:43,876 - INFO - Successfully fetched: https://www.westlotto.de/eurojackpot/gewinnzahlen/gewinnzahlen.html
2026-05-24 10:13:44,575 - INFO - Successfully fetched: https://www.westlotto.de/eurojackpot/gewinnzahlen/gewinnzahlen.html
2026-05-24 10:13:45,279 - INFO - Successfully fetched: https://www.westlotto.de/eurojackpot/gewinnzahlen/gewinnzahlen.html
2026-05-24 10:13:45,977 - INFO - Successfully fetched: https://www.westlotto.de/eurojackpot/gewinnzahlen/gewinnzahlen.html
2026-05-24 10:13:46,626 - INFO - Successfully fetched: https://www.westlotto.de/eurojackpot/gewinnzahlen/gewinnzahlen.html
2026-05-24 10:13:47,339 - INFO - Successfully fetched: https://www.westlotto.de/eurojackpot/gewinnzahlen/gewinnzahlen.html
2026-05-24 10:13:48,091 - INFO - Successfully fetched: https://www.westlotto.de/eurojackpot/gewinnzahlen/gewinnzahlen.html
2026-05-24 10:13:48,781 - INFO - Successfully fetched: https://www.westlotto.de/eurojackpot/gewinnzahlen/gewinnzahlen.html
2026-05-24 10:13:49,479 - INFO - Successfully fetched: https://www.westlotto.de/eurojackpot/gewinnzahlen/gewinnzahlen.html
2026-05-24 10:13:50,191 - INFO - Successfully fetched: https://www.westlotto.de/eurojackpot/gewinnzahlen/gewinnzahlen.html
2026-05-24 10:13:50,854 - INFO - Successfully fetched: https://www.westlotto.de/eurojackpot/gewinnzahlen/gewinnzahlen.html
2026-05-24 10:13:51,513 - INFO - Successfully fetched: https://www.westlotto.de/eurojackpot/gewinnzahlen/gewinnzahlen.html
2026-05-24 10:13:52,195 - INFO - Successfully fetched: https://www.westlotto.de/eurojackpot/gewinnzahlen/gewinnzahlen.html
2026-05-24 10:13:52,893 - INFO - Successfully fetched: https://www.westlotto.de/eurojackpot/gewinnzahlen/gewinnzahlen.html
2026-05-24 10:13:53,585 - INFO - Successfully fetched: https://www.westlotto.de/eurojackpot/gewinnzahlen/gewinnzahlen.html
2026-05-24 10:13:54,277 - INFO - Successfully fetched: https://www.westlotto.de/eurojackpot/gewinnzahlen/gewinnzahlen.html
2026-05-24 10:13:54,974 - INFO - Successfully fetched: https://www.westlotto.de/eurojackpot/gewinnzahlen/gewinnzahlen.html
2026-05-24 10:13:55,661 - INFO - Successfully fetched: https://www.westlotto.de/eurojackpot/gewinnzahlen/gewinnzahlen.html
2026-05-24 10:13:56,653 - INFO - Successfully fetched: https://www.westlotto.de/eurojackpot/gewinnzahlen/gewinnzahlen.html
2026-05-24 10:13:57,336 - INFO - Successfully fetched: https://www.westlotto.de/eurojackpot/gewinnzahlen/gewinnzahlen.html
2026-05-24 10:13:58,039 - INFO - Successfully fetched: https://www.westlotto.de/eurojackpot/gewinnzahlen/gewinnzahlen.html
2026-05-24 10:13:58,734 - INFO - Successfully fetched: https://www.westlotto.de/eurojackpot/gewinnzahlen/gewinnzahlen.html
2026-05-24 10:13:59,445 - INFO - Successfully fetched: https://www.westlotto.de/eurojackpot/gewinnzahlen/gewinnzahlen.html
2026-05-24 10:14:00,167 - INFO - Successfully fetched: https://www.westlotto.de/eurojackpot/gewinnzahlen/gewinnzahlen.html
2026-05-24 10:14:00,837 - INFO - Successfully fetched: https://www.westlotto.de/eurojackpot/gewinnzahlen/gewinnzahlen.html
2026-05-24 10:14:01,492 - INFO - Successfully fetched: https://www.westlotto.de/eurojackpot/gewinnzahlen/gewinnzahlen.html
2026-05-24 10:14:02,140 - INFO - Successfully fetched: https://www.westlotto.de/eurojackpot/gewinnzahlen/gewinnzahlen.html
2026-05-24 10:14:02,835 - INFO - Successfully fetched: https://www.westlotto.de/eurojackpot/gewinnzahlen/gewinnzahlen.html
2026-05-24 10:14:03,511 - INFO - Successfully fetched: https://www.westlotto.de/eurojackpot/gewinnzahlen/gewinnzahlen.html
2026-05-24 10:14:04,193 - INFO - Successfully fetched: https://www.westlotto.de/eurojackpot/gewinnzahlen/gewinnzahlen.html
2026-05-24 10:14:04,890 - INFO - Successfully fetched: https://www.westlotto.de/eurojackpot/gewinnzahlen/gewinnzahlen.html
2026-05-24 10:14:05,600 - INFO - Successfully fetched: https://www.westlotto.de/eurojackpot/gewinnzahlen/gewinnzahlen.html
2026-05-24 10:14:06,291 - INFO - Successfully fetched: https://www.westlotto.de/eurojackpot/gewinnzahlen/gewinnzahlen.html
2026-05-24 10:14:07,005 - INFO - Successfully fetched: https://www.westlotto.de/eurojackpot/gewinnzahlen/gewinnzahlen.html
2026-05-24 10:14:07,701 - INFO - Successfully fetched: https://www.westlotto.de/eurojackpot/gewinnzahlen/gewinnzahlen.html
2026-05-24 10:14:08,389 - INFO - Successfully fetched: https://www.westlotto.de/eurojackpot/gewinnzahlen/gewinnzahlen.html
2026-05-24 10:14:09,044 - INFO - Successfully fetched: https://www.westlotto.de/eurojackpot/gewinnzahlen/gewinnzahlen.html
2026-05-24 10:14:09,720 - INFO - Successfully fetched: https://www.westlotto.de/eurojackpot/gewinnzahlen/gewinnzahlen.html
2026-05-24 10:14:10,429 - INFO - Successfully fetched: https://www.westlotto.de/eurojackpot/gewinnzahlen/gewinnzahlen.html
2026-05-24 10:14:11,105 - INFO - Successfully fetched: https://www.westlotto.de/eurojackpot/gewinnzahlen/gewinnzahlen.html
2026-05-24 10:14:11,777 - INFO - Successfully fetched: https://www.westlotto.de/eurojackpot/gewinnzahlen/gewinnzahlen.html
2026-05-24 10:14:12,460 - INFO - Successfully fetched: https://www.westlotto.de/eurojackpot/gewinnzahlen/gewinnzahlen.html
2026-05-24 10:14:13,153 - INFO - Successfully fetched: https://www.westlotto.de/eurojackpot/gewinnzahlen/gewinnzahlen.html
2026-05-24 10:14:13,845 - INFO - Successfully fetched: https://www.westlotto.de/eurojackpot/gewinnzahlen/gewinnzahlen.html
2026-05-24 10:14:14,529 - INFO - Successfully fetched: https://www.westlotto.de/eurojackpot/gewinnzahlen/gewinnzahlen.html
2026-05-24 10:14:15,178 - INFO - Successfully fetched: https://www.westlotto.de/eurojackpot/gewinnzahlen/gewinnzahlen.html
2026-05-24 10:14:15,845 - INFO - Successfully fetched: https://www.westlotto.de/eurojackpot/gewinnzahlen/gewinnzahlen.html
2026-05-24 10:14:16,539 - INFO - Successfully fetched: https://www.westlotto.de/eurojackpot/gewinnzahlen/gewinnzahlen.html
2026-05-24 10:14:17,223 - INFO - Successfully fetched: https://www.westlotto.de/eurojackpot/gewinnzahlen/gewinnzahlen.html
2026-05-24 10:14:17,924 - INFO - Successfully fetched: https://www.westlotto.de/eurojackpot/gewinnzahlen/gewinnzahlen.html
2026-05-24 10:14:18,563 - INFO - Successfully fetched: https://www.westlotto.de/eurojackpot/gewinnzahlen/gewinnzahlen.html
2026-05-24 10:14:19,238 - INFO - Successfully fetched: https://www.westlotto.de/eurojackpot/gewinnzahlen/gewinnzahlen.html
2026-05-24 10:14:19,878 - INFO - Successfully fetched: https://www.westlotto.de/eurojackpot/gewinnzahlen/gewinnzahlen.html
2026-05-24 10:14:20,533 - INFO - Successfully fetched: https://www.westlotto.de/eurojackpot/gewinnzahlen/gewinnzahlen.html
2026-05-24 10:14:21,222 - INFO - Successfully fetched: https://www.westlotto.de/eurojackpot/gewinnzahlen/gewinnzahlen.html
2026-05-24 10:14:21,906 - INFO - Successfully fetched: https://www.westlotto.de/eurojackpot/gewinnzahlen/gewinnzahlen.html
2026-05-24 10:14:22,593 - INFO - Successfully fetched: https://www.westlotto.de/eurojackpot/gewinnzahlen/gewinnzahlen.html
2026-05-24 10:14:23,227 - INFO - Successfully fetched: https://www.westlotto.de/eurojackpot/gewinnzahlen/gewinnzahlen.html
2026-05-24 10:14:23,883 - INFO - Successfully fetched: https://www.westlotto.de/eurojackpot/gewinnzahlen/gewinnzahlen.html
2026-05-24 10:14:24,574 - INFO - Successfully fetched: https://www.westlotto.de/eurojackpot/gewinnzahlen/gewinnzahlen.html
2026-05-24 10:14:25,247 - INFO - Successfully fetched: https://www.westlotto.de/eurojackpot/gewinnzahlen/gewinnzahlen.html
2026-05-24 10:14:25,930 - INFO - Successfully fetched: https://www.westlotto.de/eurojackpot/gewinnzahlen/gewinnzahlen.html
2026-05-24 10:14:26,641 - INFO - Successfully fetched: https://www.westlotto.de/eurojackpot/gewinnzahlen/gewinnzahlen.html
2026-05-24 10:14:27,329 - INFO - Successfully fetched: https://www.westlotto.de/eurojackpot/gewinnzahlen/gewinnzahlen.html
2026-05-24 10:14:28,022 - INFO - Successfully fetched: https://www.westlotto.de/eurojackpot/gewinnzahlen/gewinnzahlen.html
2026-05-24 10:14:28,726 - INFO - Successfully fetched: https://www.westlotto.de/eurojackpot/gewinnzahlen/gewinnzahlen.html
2026-05-24 10:14:29,458 - INFO - Successfully fetched: https://www.westlotto.de/eurojackpot/gewinnzahlen/gewinnzahlen.html
2026-05-24 10:14:30,102 - INFO - Successfully fetched: https://www.westlotto.de/eurojackpot/gewinnzahlen/gewinnzahlen.html
2026-05-24 10:14:30,774 - INFO - Successfully fetched: https://www.westlotto.de/eurojackpot/gewinnzahlen/gewinnzahlen.html
2026-05-24 10:14:31,473 - INFO - Successfully fetched: https://www.westlotto.de/eurojackpot/gewinnzahlen/gewinnzahlen.html
2026-05-24 10:14:32,160 - INFO - Successfully fetched: https://www.westlotto.de/eurojackpot/gewinnzahlen/gewinnzahlen.html
2026-05-24 10:14:32,846 - INFO - Successfully fetched: https://www.westlotto.de/eurojackpot/gewinnzahlen/gewinnzahlen.html
2026-05-24 10:14:33,529 - INFO - Successfully fetched: https://www.westlotto.de/eurojackpot/gewinnzahlen/gewinnzahlen.html
2026-05-24 10:14:34,208 - INFO - Successfully fetched: https://www.westlotto.de/eurojackpot/gewinnzahlen/gewinnzahlen.html
2026-05-24 10:14:34,891 - INFO - Successfully fetched: https://www.westlotto.de/eurojackpot/gewinnzahlen/gewinnzahlen.html
2026-05-24 10:14:35,542 - INFO - Successfully fetched: https://www.westlotto.de/eurojackpot/gewinnzahlen/gewinnzahlen.html
2026-05-24 10:14:36,221 - INFO - Successfully fetched: https://www.westlotto.de/eurojackpot/gewinnzahlen/gewinnzahlen.html
2026-05-24 10:14:36,928 - INFO - Successfully fetched: https://www.westlotto.de/eurojackpot/gewinnzahlen/gewinnzahlen.html
2026-05-24 10:14:37,611 - INFO - Successfully fetched: https://www.westlotto.de/eurojackpot/gewinnzahlen/gewinnzahlen.html
2026-05-24 10:14:38,264 - INFO - Successfully fetched: https://www.westlotto.de/eurojackpot/gewinnzahlen/gewinnzahlen.html
2026-05-24 10:14:38,948 - INFO - Successfully fetched: https://www.westlotto.de/eurojackpot/gewinnzahlen/gewinnzahlen.html
2026-05-24 10:14:39,654 - INFO - Successfully fetched: https://www.westlotto.de/eurojackpot/gewinnzahlen/gewinnzahlen.html
2026-05-24 10:14:40,361 - INFO - Successfully fetched: https://www.westlotto.de/eurojackpot/gewinnzahlen/gewinnzahlen.html
2026-05-24 10:14:41,034 - INFO - Successfully fetched: https://www.westlotto.de/eurojackpot/gewinnzahlen/gewinnzahlen.html
2026-05-24 10:14:41,783 - INFO - Successfully fetched: https://www.westlotto.de/eurojackpot/gewinnzahlen/gewinnzahlen.html
2026-05-24 10:14:42,438 - INFO - Successfully fetched: https://www.westlotto.de/eurojackpot/gewinnzahlen/gewinnzahlen.html
2026-05-24 10:14:43,125 - INFO - Successfully fetched: https://www.westlotto.de/eurojackpot/gewinnzahlen/gewinnzahlen.html
2026-05-24 10:14:43,834 - INFO - Successfully fetched: https://www.westlotto.de/eurojackpot/gewinnzahlen/gewinnzahlen.html
2026-05-24 10:14:44,590 - INFO - Successfully fetched: https://www.westlotto.de/eurojackpot/gewinnzahlen/gewinnzahlen.html
2026-05-24 10:14:45,241 - INFO - Successfully fetched: https://www.westlotto.de/eurojackpot/gewinnzahlen/gewinnzahlen.html
2026-05-24 10:14:45,935 - INFO - Successfully fetched: https://www.westlotto.de/eurojackpot/gewinnzahlen/gewinnzahlen.html
2026-05-24 10:14:46,605 - INFO - Successfully fetched: https://www.westlotto.de/eurojackpot/gewinnzahlen/gewinnzahlen.html
2026-05-24 10:14:47,276 - INFO - Successfully fetched: https://www.westlotto.de/eurojackpot/gewinnzahlen/gewinnzahlen.html
2026-05-24 10:14:47,935 - INFO - Successfully fetched: https://www.westlotto.de/eurojackpot/gewinnzahlen/gewinnzahlen.html
2026-05-24 10:14:48,615 - INFO - Successfully fetched: https://www.westlotto.de/eurojackpot/gewinnzahlen/gewinnzahlen.html
2026-05-24 10:14:49,288 - INFO - Successfully fetched: https://www.westlotto.de/eurojackpot/gewinnzahlen/gewinnzahlen.html
2026-05-24 10:14:49,963 - INFO - Successfully fetched: https://www.westlotto.de/eurojackpot/gewinnzahlen/gewinnzahlen.html
2026-05-24 10:14:50,658 - INFO - Successfully fetched: https://www.westlotto.de/eurojackpot/gewinnzahlen/gewinnzahlen.html
2026-05-24 10:14:51,354 - INFO - Successfully fetched: https://www.westlotto.de/eurojackpot/gewinnzahlen/gewinnzahlen.html
2026-05-24 10:14:52,051 - INFO - Successfully fetched: https://www.westlotto.de/eurojackpot/gewinnzahlen/gewinnzahlen.html
2026-05-24 10:14:52,698 - INFO - Successfully fetched: https://www.westlotto.de/eurojackpot/gewinnzahlen/gewinnzahlen.html
2026-05-24 10:14:53,374 - INFO - Successfully fetched: https://www.westlotto.de/eurojackpot/gewinnzahlen/gewinnzahlen.html
2026-05-24 10:14:54,062 - INFO - Successfully fetched: https://www.westlotto.de/eurojackpot/gewinnzahlen/gewinnzahlen.html
2026-05-24 10:14:54,764 - INFO - Successfully fetched: https://www.westlotto.de/eurojackpot/gewinnzahlen/gewinnzahlen.html
2026-05-24 10:14:55,507 - INFO - Successfully fetched: https://www.westlotto.de/eurojackpot/gewinnzahlen/gewinnzahlen.html
2026-05-24 10:14:56,198 - INFO - Successfully fetched: https://www.westlotto.de/eurojackpot/gewinnzahlen/gewinnzahlen.html
2026-05-24 10:14:56,887 - INFO - Successfully fetched: https://www.westlotto.de/eurojackpot/gewinnzahlen/gewinnzahlen.html
2026-05-24 10:14:57,528 - INFO - Successfully fetched: https://www.westlotto.de/eurojackpot/gewinnzahlen/gewinnzahlen.html
2026-05-24 10:14:58,179 - INFO - Successfully fetched: https://www.westlotto.de/eurojackpot/gewinnzahlen/gewinnzahlen.html
2026-05-24 10:14:58,865 - INFO - Successfully fetched: https://www.westlotto.de/eurojackpot/gewinnzahlen/gewinnzahlen.html
2026-05-24 10:14:59,517 - INFO - Successfully fetched: https://www.westlotto.de/eurojackpot/gewinnzahlen/gewinnzahlen.html
2026-05-24 10:15:00,181 - INFO - Successfully fetched: https://www.westlotto.de/eurojackpot/gewinnzahlen/gewinnzahlen.html
2026-05-24 10:15:00,888 - INFO - Successfully fetched: https://www.westlotto.de/eurojackpot/gewinnzahlen/gewinnzahlen.html
2026-05-24 10:15:01,566 - INFO - Successfully fetched: https://www.westlotto.de/eurojackpot/gewinnzahlen/gewinnzahlen.html
2026-05-24 10:15:02,251 - INFO - Successfully fetched: https://www.westlotto.de/eurojackpot/gewinnzahlen/gewinnzahlen.html
2026-05-24 10:15:02,909 - INFO - Successfully fetched: https://www.westlotto.de/eurojackpot/gewinnzahlen/gewinnzahlen.html
2026-05-24 10:15:03,574 - INFO - Successfully fetched: https://www.westlotto.de/eurojackpot/gewinnzahlen/gewinnzahlen.html
2026-05-24 10:15:04,250 - INFO - Successfully fetched: https://www.westlotto.de/eurojackpot/gewinnzahlen/gewinnzahlen.html
2026-05-24 10:15:05,263 - INFO - Successfully fetched: https://www.westlotto.de/eurojackpot/gewinnzahlen/gewinnzahlen.html
2026-05-24 10:15:05,925 - INFO - Successfully fetched: https://www.westlotto.de/eurojackpot/gewinnzahlen/gewinnzahlen.html
2026-05-24 10:15:06,585 - INFO - Successfully fetched: https://www.westlotto.de/eurojackpot/gewinnzahlen/gewinnzahlen.html
2026-05-24 10:15:07,239 - INFO - Successfully fetched: https://www.westlotto.de/eurojackpot/gewinnzahlen/gewinnzahlen.html
2026-05-24 10:15:07,904 - INFO - Successfully fetched: https://www.westlotto.de/eurojackpot/gewinnzahlen/gewinnzahlen.html
2026-05-24 10:15:08,558 - INFO - Successfully fetched: https://www.westlotto.de/eurojackpot/gewinnzahlen/gewinnzahlen.html
2026-05-24 10:15:09,220 - INFO - Successfully fetched: https://www.westlotto.de/eurojackpot/gewinnzahlen/gewinnzahlen.html
2026-05-24 10:15:09,849 - INFO - Successfully fetched: https://www.westlotto.de/eurojackpot/gewinnzahlen/gewinnzahlen.html
2026-05-24 10:15:10,495 - INFO - Successfully fetched: https://www.westlotto.de/eurojackpot/gewinnzahlen/gewinnzahlen.html
2026-05-24 10:15:11,118 - INFO - Successfully fetched: https://www.westlotto.de/eurojackpot/gewinnzahlen/gewinnzahlen.html
2026-05-24 10:15:11,738 - INFO - Successfully fetched: https://www.westlotto.de/eurojackpot/gewinnzahlen/gewinnzahlen.html
2026-05-24 10:15:12,397 - INFO - Successfully fetched: https://www.westlotto.de/eurojackpot/gewinnzahlen/gewinnzahlen.html
2026-05-24 10:15:13,061 - INFO - Successfully fetched: https://www.westlotto.de/eurojackpot/gewinnzahlen/gewinnzahlen.html
2026-05-24 10:15:13,725 - INFO - Successfully fetched: https://www.westlotto.de/eurojackpot/gewinnzahlen/gewinnzahlen.html
2026-05-24 10:15:14,402 - INFO - Successfully fetched: https://www.westlotto.de/eurojackpot/gewinnzahlen/gewinnzahlen.html
2026-05-24 10:15:15,063 - INFO - Successfully fetched: https://www.westlotto.de/eurojackpot/gewinnzahlen/gewinnzahlen.html
2026-05-24 10:15:15,728 - INFO - Successfully fetched: https://www.westlotto.de/eurojackpot/gewinnzahlen/gewinnzahlen.html
2026-05-24 10:15:16,347 - INFO - Successfully fetched: https://www.westlotto.de/eurojackpot/gewinnzahlen/gewinnzahlen.html
2026-05-24 10:15:16,958 - INFO - Successfully fetched: https://www.westlotto.de/eurojackpot/gewinnzahlen/gewinnzahlen.html
2026-05-24 10:15:17,684 - INFO - Successfully fetched: https://www.westlotto.de/eurojackpot/gewinnzahlen/gewinnzahlen.html
2026-05-24 10:15:18,394 - INFO - Successfully fetched: https://www.westlotto.de/eurojackpot/gewinnzahlen/gewinnzahlen.html
2026-05-24 10:15:19,093 - INFO - Successfully fetched: https://www.westlotto.de/eurojackpot/gewinnzahlen/gewinnzahlen.html
2026-05-24 10:15:19,756 - INFO - Successfully fetched: https://www.westlotto.de/eurojackpot/gewinnzahlen/gewinnzahlen.html
2026-05-24 10:15:20,440 - INFO - Successfully fetched: https://www.westlotto.de/eurojackpot/gewinnzahlen/gewinnzahlen.html
2026-05-24 10:15:21,122 - INFO - Successfully fetched: https://www.westlotto.de/eurojackpot/gewinnzahlen/gewinnzahlen.html
2026-05-24 10:15:21,813 - INFO - Successfully fetched: https://www.westlotto.de/eurojackpot/gewinnzahlen/gewinnzahlen.html
2026-05-24 10:15:22,490 - INFO - Successfully fetched: https://www.westlotto.de/eurojackpot/gewinnzahlen/gewinnzahlen.html
2026-05-24 10:15:23,159 - INFO - Successfully fetched: https://www.westlotto.de/eurojackpot/gewinnzahlen/gewinnzahlen.html
2026-05-24 10:15:23,809 - INFO - Successfully fetched: https://www.westlotto.de/eurojackpot/gewinnzahlen/gewinnzahlen.html
2026-05-24 10:15:24,489 - INFO - Successfully fetched: https://www.westlotto.de/eurojackpot/gewinnzahlen/gewinnzahlen.html
2026-05-24 10:15:25,190 - INFO - Successfully fetched: https://www.westlotto.de/eurojackpot/gewinnzahlen/gewinnzahlen.html
2026-05-24 10:15:25,869 - INFO - Successfully fetched: https://www.westlotto.de/eurojackpot/gewinnzahlen/gewinnzahlen.html
2026-05-24 10:15:26,546 - INFO - Successfully fetched: https://www.westlotto.de/eurojackpot/gewinnzahlen/gewinnzahlen.html
2026-05-24 10:15:27,215 - INFO - Successfully fetched: https://www.westlotto.de/eurojackpot/gewinnzahlen/gewinnzahlen.html
2026-05-24 10:15:27,860 - INFO - Successfully fetched: https://www.westlotto.de/eurojackpot/gewinnzahlen/gewinnzahlen.html
2026-05-24 10:15:28,548 - INFO - Successfully fetched: https://www.westlotto.de/eurojackpot/gewinnzahlen/gewinnzahlen.html
2026-05-24 10:15:29,204 - INFO - Successfully fetched: https://www.westlotto.de/eurojackpot/gewinnzahlen/gewinnzahlen.html
2026-05-24 10:15:29,891 - INFO - Successfully fetched: https://www.westlotto.de/eurojackpot/gewinnzahlen/gewinnzahlen.html
2026-05-24 10:15:30,569 - INFO - Successfully fetched: https://www.westlotto.de/eurojackpot/gewinnzahlen/gewinnzahlen.html
2026-05-24 10:15:31,276 - INFO - Successfully fetched: https://www.westlotto.de/eurojackpot/gewinnzahlen/gewinnzahlen.html
2026-05-24 10:15:31,950 - INFO - Successfully fetched: https://www.westlotto.de/eurojackpot/gewinnzahlen/gewinnzahlen.html
2026-05-24 10:15:32,619 - INFO - Successfully fetched: https://www.westlotto.de/eurojackpot/gewinnzahlen/gewinnzahlen.html
2026-05-24 10:15:33,297 - INFO - Successfully fetched: https://www.westlotto.de/eurojackpot/gewinnzahlen/gewinnzahlen.html
2026-05-24 10:15:33,992 - INFO - Successfully fetched: https://www.westlotto.de/eurojackpot/gewinnzahlen/gewinnzahlen.html
2026-05-24 10:15:34,670 - INFO - Successfully fetched: https://www.westlotto.de/eurojackpot/gewinnzahlen/gewinnzahlen.html
2026-05-24 10:15:35,324 - INFO - Successfully fetched: https://www.westlotto.de/eurojackpot/gewinnzahlen/gewinnzahlen.html
2026-05-24 10:15:35,972 - INFO - Successfully fetched: https://www.westlotto.de/eurojackpot/gewinnzahlen/gewinnzahlen.html
2026-05-24 10:15:36,646 - INFO - Successfully fetched: https://www.westlotto.de/eurojackpot/gewinnzahlen/gewinnzahlen.html
2026-05-24 10:15:37,338 - INFO - Successfully fetched: https://www.westlotto.de/eurojackpot/gewinnzahlen/gewinnzahlen.html
2026-05-24 10:15:38,025 - INFO - Successfully fetched: https://www.westlotto.de/eurojackpot/gewinnzahlen/gewinnzahlen.html
2026-05-24 10:15:38,699 - INFO - Successfully fetched: https://www.westlotto.de/eurojackpot/gewinnzahlen/gewinnzahlen.html
2026-05-24 10:15:39,259 - INFO - Found 435 results from WestLotto
2026-05-24 10:15:39,260 - INFO - Saving 435 results to Neon...
2026-05-24 10:15:48,878 - INFO - core.draws: 435 rows upserted.
2026-05-24 10:15:57,409 - INFO - core.draw_details: 435 rows upserted.
2026-05-24 10:15:57,410 - INFO - Save complete: 435 draws, 435 details.
2026-05-24 10:15:57,411 - INFO - Scraping completed. Saved 435 results.
2026-05-24 10:15:57,412 - INFO - Stopping Psiphon3 VPN...
2026-05-24 10:15:57,412 - INFO - Stopping Psiphon3...
2026-05-24 10:15:57,445 - INFO - Psiphon3 stopped successfully
