2026-05-24 15:54:12 [INFO] Loaded feature matrix: 435 draws, 60 features
2026-05-24 15:54:12 [ERROR] Feature selection failed
Traceback (most recent call last):
  File "D:\eurojackpot-ai\scripts\feature_selection.py", line 406, in main
    importance_map = collect_feature_importances(df)
  File "D:\eurojackpot-ai\scripts\feature_selection.py", line 184, in collect_feature_importances
    model.fit(x_all, y)
    ~~~~~~~~~^^^^^^^^^^
  File "C:\Users\Ali Mehdipour\AppData\Roaming\Python\Python314\site-packages\xgboost\core.py", line 751, in inner_f
    return func(**kwargs)
  File "C:\Users\Ali Mehdipour\AppData\Roaming\Python\Python314\site-packages\xgboost\sklearn.py", line 1761, in fit
    raise ValueError(
    ...<2 lines>...
    )
ValueError: Invalid classes inferred from unique values of `y`.  Expected: [ 0  1  2  3  4  5  6  7  8  9 10 11 12 13 14 15 16 17 18 19 20 21 22 23
 24 25 26 27 28 29], got [ 0  1  2  3  4  5  6  7  8  9 10 11 12 13 14 15 16 17 18 19 20 21 22 23
 24 25 26 27 30 34]
2026-05-24 15:56:00 [INFO] Loaded feature matrix: 435 draws, 60 features
2026-05-24 15:56:01 [INFO] Trained main number classifiers: 10 / 50
2026-05-24 15:56:01 [INFO] Trained main number classifiers: 20 / 50
2026-05-24 15:56:01 [INFO] Trained main number classifiers: 30 / 50
2026-05-24 15:56:01 [INFO] Trained main number classifiers: 40 / 50
2026-05-24 15:56:02 [INFO] Trained main number classifiers: 50 / 50
2026-05-24 15:56:02 [INFO] Completed 50 main number classifiers
2026-05-24 15:56:02 [INFO] Completed 12 euro number classifiers
2026-05-24 15:56:02 [INFO] === Feature Importance Summary ===
2026-05-24 15:56:02 [INFO] Features needed for 80% coverage: 21 / 60
2026-05-24 15:56:02 [INFO] Features needed for 90% coverage: 25 / 60
2026-05-24 15:56:02 [INFO] --- Top 20 features ---
2026-05-24 15:56:02 [INFO]   # 1 trend_score_2      importance=0.049115  cumulative=4.91%  trend
2026-05-24 15:56:02 [INFO]   # 2 trend_score_4      importance=0.048233  cumulative=9.73%  trend
2026-05-24 15:56:02 [INFO]   # 3 trend_score_1      importance=0.047096  cumulative=14.44%  trend
2026-05-24 15:56:02 [INFO]   # 4 freq_main_6        importance=0.045530  cumulative=19.00%  frequency
2026-05-24 15:56:02 [INFO]   # 5 freq_main_1        importance=0.044899  cumulative=23.49%  frequency
2026-05-24 15:56:02 [INFO]   # 6 trend_score_10     importance=0.044878  cumulative=27.98%  trend
2026-05-24 15:56:02 [INFO]   # 7 freq_main_2        importance=0.044701  cumulative=32.45%  frequency
2026-05-24 15:56:02 [INFO]   # 8 freq_main_9        importance=0.043807  cumulative=36.83%  frequency
2026-05-24 15:56:02 [INFO]   # 9 trend_score_7      importance=0.043624  cumulative=41.19%  trend
2026-05-24 15:56:02 [INFO]   #10 freq_main_3        importance=0.042947  cumulative=45.48%  frequency
2026-05-24 15:56:02 [INFO]   #11 freq_main_8        importance=0.042560  cumulative=49.74%  frequency
2026-05-24 15:56:02 [INFO]   #12 freq_main_4        importance=0.041984  cumulative=53.94%  frequency
2026-05-24 15:56:02 [INFO]   #13 freq_main_13       importance=0.038685  cumulative=57.81%  frequency
2026-05-24 15:56:02 [INFO]   #14 freq_main_5        importance=0.037210  cumulative=61.53%  frequency
2026-05-24 15:56:02 [INFO]   #15 freq_main_7        importance=0.035228  cumulative=65.05%  frequency
2026-05-24 15:56:02 [INFO]   #16 freq_main_10       importance=0.033825  cumulative=68.43%  frequency
2026-05-24 15:56:02 [INFO]   #17 freq_main_14       importance=0.030600  cumulative=71.49%  frequency
2026-05-24 15:56:02 [INFO]   #18 freq_main_11       importance=0.028430  cumulative=74.34%  frequency
2026-05-24 15:56:02 [INFO]   #19 freq_main_12       importance=0.028386  cumulative=77.17%  frequency
2026-05-24 15:56:02 [INFO]   #20 freq_main_15       importance=0.027983  cumulative=79.97%  frequency
2026-05-24 15:56:02 [INFO] --- Bottom 10 features ---
2026-05-24 15:56:02 [INFO]   #51 freq_main_38       importance=0.000000  frequency
2026-05-24 15:56:02 [INFO]   #52 freq_main_37       importance=0.000000  frequency
2026-05-24 15:56:02 [INFO]   #53 freq_main_49       importance=0.000000  frequency
2026-05-24 15:56:02 [INFO]   #54 freq_main_50       importance=0.000000  frequency
2026-05-24 15:56:02 [INFO]   #55 freq_main_47       importance=0.000000  frequency
2026-05-24 15:56:02 [INFO]   #56 freq_main_48       importance=0.000000  frequency
2026-05-24 15:56:02 [INFO]   #57 freq_main_46       importance=0.000000  frequency
2026-05-24 15:56:02 [INFO]   #58 freq_main_45       importance=0.000000  frequency
2026-05-24 15:56:02 [INFO]   #59 trend_score_6      importance=0.000000  trend
2026-05-24 15:56:02 [INFO]   #60 trend_score_8      importance=0.000000  trend
2026-05-24 15:56:02 [INFO] Saved results to D:\eurojackpot-ai\docs\FEATURE_IMPORTANCE.md
2026-05-24 15:56:02 [INFO] Updated D:\eurojackpot-ai\docs\ML_STRATEGY.md with Phase 4 results
2026-05-24 15:56:02 [INFO] Feature selection completed successfully.
