2026-05-24 13:16:13 [INFO] Mode: full | core.draws: 435 | watermark: none | to process: 435
2026-05-24 13:16:13 [INFO] Processing 435 draw date(s)...
2026-05-24 13:16:13 [ERROR] Feature rebuild failed
Traceback (most recent call last):
  File "D:\eurojackpot-ai\scripts\rebuild_features.py", line 433, in main
    process_draws(conn, all_draws, indices)
    ~~~~~~~~~~~~~^^^^^^^^^^^^^^^^^^^^^^^^^^
  File "D:\eurojackpot-ai\scripts\rebuild_features.py", line 389, in process_draws
    upsert_frequency(conn, f"frq_numbers_{wnd}draws", freq_by_table[f"frq_numbers_{wnd}draws"])
    ~~~~~~~~~~~~~~~~^^^^^^^^^^^^^^^^^^^^^^^^^^^^^^^^^^^^^^^^^^^^^^^^^^^^^^^^^^^^^^^^^^^^^^^^^^^
  File "D:\eurojackpot-ai\scripts\rebuild_features.py", line 248, in upsert_frequency
    execute_batch(cur, query, rows, page_size=500)
    ~~~~~~~~~~~~~^^^^^^^^^^^^^^^^^^^^^^^^^^^^^^^^^
  File "C:\Users\Ali Mehdipour\AppData\Roaming\Python\Python314\site-packages\psycopg2\extras.py", line 1216, in execute_batch
    cur.execute(b";".join(sqls))
    ~~~~~~~~~~~^^^^^^^^^^^^^^^^^
psycopg2.errors.InvalidColumnReference: there is no unique or exclusion constraint matching the ON CONFLICT specification

2026-05-24 13:20:52 [INFO] Mode: full | core.draws: 435 | watermark: none | to process: 435
2026-05-24 13:20:52 [INFO] Added missing primary key pk_frq_numbers_5draws on features.frq_numbers_5draws
2026-05-24 13:20:52 [INFO] Added missing primary key pk_frq_numbers_7draws on features.frq_numbers_7draws
2026-05-24 13:20:52 [INFO] Added missing primary key pk_frq_numbers_10draws on features.frq_numbers_10draws
2026-05-24 13:20:52 [INFO] Added missing primary key pk_frq_numbers_20draws on features.frq_numbers_20draws
2026-05-24 13:20:52 [INFO] Added missing primary key pk_frq_numbers_30draws on features.frq_numbers_30draws
2026-05-24 13:20:53 [INFO] Added missing primary key pk_frq_numbers_50draws on features.frq_numbers_50draws
2026-05-24 13:20:53 [INFO] Added missing primary key pk_conditional_prob_numbers_5draws on features.conditional_prob_numbers_5draws
2026-05-24 13:20:53 [INFO] Added missing primary key pk_conditional_prob_numbers_7draws on features.conditional_prob_numbers_7draws
2026-05-24 13:20:53 [INFO] Added missing primary key pk_conditional_prob_numbers_10draws on features.conditional_prob_numbers_10draws
2026-05-24 13:20:53 [INFO] Added missing primary key pk_conditional_prob_numbers_20draws on features.conditional_prob_numbers_20draws
2026-05-24 13:20:53 [INFO] Added missing primary key pk_conditional_prob_numbers_30draws on features.conditional_prob_numbers_30draws
2026-05-24 13:20:53 [INFO] Added missing primary key pk_conditional_prob_numbers_50draws on features.conditional_prob_numbers_50draws
2026-05-24 13:20:53 [INFO] Processing 435 draw date(s)...
2026-05-24 13:24:24 [INFO] Progress: 50 / 435 draw dates (latest: 20220913)
2026-05-24 13:27:49 [INFO] Progress: 100 / 435 draw dates (latest: 20230307)
2026-05-24 13:31:30 [INFO] Progress: 150 / 435 draw dates (latest: 20230829)
2026-05-24 13:35:07 [INFO] Progress: 200 / 435 draw dates (latest: 20240220)
2026-05-24 13:38:37 [INFO] Progress: 250 / 435 draw dates (latest: 20240813)
2026-05-24 13:39:24 [ERROR] Feature rebuild failed
Traceback (most recent call last):
  File "D:\eurojackpot-ai\scripts\rebuild_features.py", line 508, in main
    process_draws(conn, all_draws, indices)
    ~~~~~~~~~~~~~^^^^^^^^^^^^^^^^^^^^^^^^^^
  File "D:\eurojackpot-ai\scripts\rebuild_features.py", line 474, in process_draws
    upsert_conditional(conn, table, conditional_rows(draw_date, history, wnd))
    ~~~~~~~~~~~~~~~~~~^^^^^^^^^^^^^^^^^^^^^^^^^^^^^^^^^^^^^^^^^^^^^^^^^^^^^^^^
  File "D:\eurojackpot-ai\scripts\rebuild_features.py", line 321, in upsert_conditional
    execute_batch(cur, query.as_string(conn), rows, page_size=500)
    ~~~~~~~~~~~~~^^^^^^^^^^^^^^^^^^^^^^^^^^^^^^^^^^^^^^^^^^^^^^^^^
  File "C:\Users\Ali Mehdipour\AppData\Roaming\Python\Python314\site-packages\psycopg2\extras.py", line 1216, in execute_batch
    cur.execute(b";".join(sqls))
    ~~~~~~~~~~~^^^^^^^^^^^^^^^^^
psycopg2.errors.DiskFull: could not extend file because project size limit (512 MB) has been exceeded
HINT:  This limit is defined externally by the project size limit, and internally by neon.max_cluster_size GUC

2026-05-24 13:43:15 [INFO] Truncated conditional probability tables (freed storage on Neon free tier).
2026-05-24 13:43:15 [INFO] Mode: full | core.draws: 435 | watermark: none | to process: 435
2026-05-24 13:43:15 [INFO] Added missing primary key pk_frq_numbers_5draws on features.frq_numbers_5draws
2026-05-24 13:43:15 [INFO] Added missing primary key pk_frq_numbers_7draws on features.frq_numbers_7draws
2026-05-24 13:43:15 [INFO] Added missing primary key pk_frq_numbers_10draws on features.frq_numbers_10draws
2026-05-24 13:43:15 [INFO] Added missing primary key pk_frq_numbers_20draws on features.frq_numbers_20draws
2026-05-24 13:43:15 [INFO] Added missing primary key pk_frq_numbers_30draws on features.frq_numbers_30draws
2026-05-24 13:43:15 [INFO] Added missing primary key pk_frq_numbers_50draws on features.frq_numbers_50draws
2026-05-24 13:43:15 [INFO] Processing 435 draw date(s)...
2026-05-24 13:43:28 [INFO] Progress: 50 / 435 draw dates (latest: 20220913)
2026-05-24 13:43:42 [INFO] Progress: 100 / 435 draw dates (latest: 20230307)
2026-05-24 13:43:55 [INFO] Progress: 150 / 435 draw dates (latest: 20230829)
2026-05-24 13:44:10 [INFO] Progress: 200 / 435 draw dates (latest: 20240220)
2026-05-24 13:44:24 [INFO] Progress: 250 / 435 draw dates (latest: 20240813)
2026-05-24 13:44:39 [INFO] Progress: 300 / 435 draw dates (latest: 20250204)
2026-05-24 13:44:53 [INFO] Progress: 350 / 435 draw dates (latest: 20250729)
2026-05-24 13:45:08 [INFO] Progress: 400 / 435 draw dates (latest: 20260120)
2026-05-24 13:45:18 [INFO] Progress: 435 / 435 draw dates (latest: 20260522)
2026-05-24 13:45:18 [INFO] Feature rebuild completed successfully.
